Component: ARM Compiler 5.06 update 5 (build 528) Tool: armlink [4d35e2]

==============================================================================

Section Cross References

    system_stm32f1xx.o(i.SystemCoreClockUpdate) refers to system_stm32f1xx.o(.data) for .data
    system_stm32f1xx.o(i.SystemCoreClockUpdate) refers to system_stm32f1xx.o(.constdata) for .constdata
    startup_stm32f103xb.o(RESET) refers to startup_stm32f103xb.o(STACK) for __initial_sp
    startup_stm32f103xb.o(RESET) refers to startup_stm32f103xb.o(.text) for Reset_Handler
    startup_stm32f103xb.o(RESET) refers to stm32f1xx_it.o(i.NMI_Handler) for NMI_Handler
    startup_stm32f103xb.o(RESET) refers to stm32f1xx_it.o(i.HardFault_Handler) for HardFault_Handler
    startup_stm32f103xb.o(RESET) refers to stm32f1xx_it.o(i.MemManage_Handler) for MemManage_Handler
    startup_stm32f103xb.o(RESET) refers to stm32f1xx_it.o(i.BusFault_Handler) for BusFault_Handler
    startup_stm32f103xb.o(RESET) refers to stm32f1xx_it.o(i.UsageFault_Handler) for UsageFault_Handler
    startup_stm32f103xb.o(RESET) refers to stm32f1xx_it.o(i.SVC_Handler) for SVC_Handler
    startup_stm32f103xb.o(RESET) refers to stm32f1xx_it.o(i.DebugMon_Handler) for DebugMon_Handler
    startup_stm32f103xb.o(RESET) refers to stm32f1xx_it.o(i.PendSV_Handler) for PendSV_Handler
    startup_stm32f103xb.o(RESET) refers to stm32f1xx_it.o(i.SysTick_Handler) for SysTick_Handler
    startup_stm32f103xb.o(RESET) refers to stm32f1xx_it.o(i.EXTI0_IRQHandler) for EXTI0_IRQHandler
    startup_stm32f103xb.o(RESET) refers to stm32f1xx_it.o(i.DMA1_Channel1_IRQHandler) for DMA1_Channel1_IRQHandler
    startup_stm32f103xb.o(.text) refers to system_stm32f1xx.o(i.SystemInit) for SystemInit
    startup_stm32f103xb.o(.text) refers to entry.o(.ARM.Collect$$$$00000000) for __main
    stm32f1xx_it.o(i.DMA1_Channel1_IRQHandler) refers to stm32f1xx_hal_dma.o(i.HAL_DMA_IRQHandler) for HAL_DMA_IRQHandler
    stm32f1xx_it.o(i.DMA1_Channel1_IRQHandler) refers to main.o(.bss) for hdma_adc1
    stm32f1xx_it.o(i.EXTI0_IRQHandler) refers to stm32f1xx_hal_gpio.o(i.HAL_GPIO_EXTI_IRQHandler) for HAL_GPIO_EXTI_IRQHandler
    stm32f1xx_it.o(i.SysTick_Handler) refers to stm32f1xx_hal.o(i.HAL_IncTick) for HAL_IncTick
    stm32f1xx_it.o(i.SysTick_Handler) refers to stm32f1xx_hal_cortex.o(i.HAL_SYSTICK_IRQHandler) for HAL_SYSTICK_IRQHandler
    main.o(i.HAL_ADC_ConvCpltCallback) refers to ffltui.o(.text) for __aeabi_ui2f
    main.o(i.HAL_ADC_ConvCpltCallback) refers to main.o(.bss) for .bss
    main.o(i.MX_ADC1_Init) refers to stm32f1xx_hal_adc.o(i.HAL_ADC_Init) for HAL_ADC_Init
    main.o(i.MX_ADC1_Init) refers to stm32f1xx_hal_adc.o(i.HAL_ADC_ConfigChannel) for HAL_ADC_ConfigChannel
    main.o(i.MX_ADC1_Init) refers to main.o(.bss) for .bss
    main.o(i.MX_GPIO_Init) refers to stm32f1xx_hal_gpio.o(i.HAL_GPIO_WritePin) for HAL_GPIO_WritePin
    main.o(i.MX_GPIO_Init) refers to stm32f1xx_hal_gpio.o(i.HAL_GPIO_Init) for HAL_GPIO_Init
    main.o(i.MX_GPIO_Init) refers to stm32f1xx_hal_cortex.o(i.HAL_NVIC_SetPriority) for HAL_NVIC_SetPriority
    main.o(i.MX_GPIO_Init) refers to stm32f1xx_hal_cortex.o(i.HAL_NVIC_EnableIRQ) for HAL_NVIC_EnableIRQ
    main.o(i.MX_I2C1_Init) refers to stm32f1xx_hal_i2c.o(i.HAL_I2C_Init) for HAL_I2C_Init
    main.o(i.MX_I2C1_Init) refers to main.o(.bss) for .bss
    main.o(i.MX_TIM1_Init) refers to stm32f1xx_hal_tim.o(i.HAL_TIM_Base_Init) for HAL_TIM_Base_Init
    main.o(i.MX_TIM1_Init) refers to stm32f1xx_hal_tim.o(i.HAL_TIM_ConfigClockSource) for HAL_TIM_ConfigClockSource
    main.o(i.MX_TIM1_Init) refers to stm32f1xx_hal_tim.o(i.HAL_TIM_PWM_Init) for HAL_TIM_PWM_Init
    main.o(i.MX_TIM1_Init) refers to stm32f1xx_hal_tim_ex.o(i.HAL_TIMEx_MasterConfigSynchronization) for HAL_TIMEx_MasterConfigSynchronization
    main.o(i.MX_TIM1_Init) refers to stm32f1xx_hal_tim.o(i.HAL_TIM_PWM_ConfigChannel) for HAL_TIM_PWM_ConfigChannel
    main.o(i.MX_TIM1_Init) refers to stm32f1xx_hal_tim_ex.o(i.HAL_TIMEx_ConfigBreakDeadTime) for HAL_TIMEx_ConfigBreakDeadTime
    main.o(i.MX_TIM1_Init) refers to stm32f1xx_hal_msp.o(i.HAL_TIM_MspPostInit) for HAL_TIM_MspPostInit
    main.o(i.MX_TIM1_Init) refers to main.o(.bss) for .bss
    main.o(i.SystemClock_Config) refers to stm32f1xx_hal_rcc.o(i.HAL_RCC_OscConfig) for HAL_RCC_OscConfig
    main.o(i.SystemClock_Config) refers to stm32f1xx_hal_rcc.o(i.HAL_RCC_ClockConfig) for HAL_RCC_ClockConfig
    main.o(i.SystemClock_Config) refers to stm32f1xx_hal_rcc_ex.o(i.HAL_RCCEx_PeriphCLKConfig) for HAL_RCCEx_PeriphCLKConfig
    main.o(i.SystemClock_Config) refers to stm32f1xx_hal_rcc.o(i.HAL_RCC_GetHCLKFreq) for HAL_RCC_GetHCLKFreq
    main.o(i.SystemClock_Config) refers to stm32f1xx_hal_cortex.o(i.HAL_SYSTICK_Config) for HAL_SYSTICK_Config
    main.o(i.SystemClock_Config) refers to stm32f1xx_hal_cortex.o(i.HAL_SYSTICK_CLKSourceConfig) for HAL_SYSTICK_CLKSourceConfig
[...]
    ..\Drivers\STM32F1xx_HAL_Driver\Src\stm32f1xx_hal_gpio_ex.c 0x00000000   Number         0  stm32f1xx_hal_gpio_ex.o ABSOLUTE
    ..\Drivers\STM32F1xx_HAL_Driver\Src\stm32f1xx_hal_i2c.c 0x00000000   Number         0  stm32f1xx_hal_i2c.o ABSOLUTE
    ..\Drivers\STM32F1xx_HAL_Driver\Src\stm32f1xx_hal_pwr.c 0x00000000   Number         0  stm32f1xx_hal_pwr.o ABSOLUTE
    ..\Drivers\STM32F1xx_HAL_Driver\Src\stm32f1xx_hal_rcc.c 0x00000000   Number         0  stm32f1xx_hal_rcc.o ABSOLUTE
    ..\Drivers\STM32F1xx_HAL_Driver\Src\stm32f1xx_hal_rcc_ex.c 0x00000000   Number         0  stm32f1xx_hal_rcc_ex.o ABSOLUTE
    ..\Drivers\STM32F1xx_HAL_Driver\Src\stm32f1xx_hal_tim.c 0x00000000   Number         0  stm32f1xx_hal_tim.o ABSOLUTE
    ..\Drivers\STM32F1xx_HAL_Driver\Src\stm32f1xx_hal_tim_ex.c 0x00000000   Number         0  stm32f1xx_hal_tim_ex.o ABSOLUTE
    ..\Src\eeprom.c                          0x00000000   Number         0  eeprom.o ABSOLUTE
    ..\Src\fonts.c                           0x00000000   Number         0  fonts.o ABSOLUTE
    ..\Src\main.c                            0x00000000   Number         0  main.o ABSOLUTE
    ..\Src\ssd1306.c                         0x00000000   Number         0  ssd1306.o ABSOLUTE
    ..\Src\stm32f1xx_hal_msp.c               0x00000000   Number         0  stm32f1xx_hal_msp.o ABSOLUTE
    ..\Src\stm32f1xx_it.c                    0x00000000   Number         0  stm32f1xx_it.o ABSOLUTE
    ..\Src\system_stm32f1xx.c                0x00000000   Number         0  system_stm32f1xx.o ABSOLUTE
    ..\Src\vape.c                            0x00000000   Number         0  vape.o ABSOLUTE
    ..\\Src\\eeprom.c                        0x00000000   Number         0  eeprom.o ABSOLUTE
    ..\\Src\\fonts.c                         0x00000000   Number         0  fonts.o ABSOLUTE
    ..\\Src\\ssd1306.c                       0x00000000   Number         0  ssd1306.o ABSOLUTE
    ..\\Src\\vape.c                          0x00000000   Number         0  vape.o ABSOLUTE
    cdcmple.s                                0x00000000   Number         0  cdcmple.o ABSOLUTE
    cdrcmple.s                               0x00000000   Number         0  cdrcmple.o ABSOLUTE
    dc.s                                     0x00000000   Number         0  dc.o ABSOLUTE
    handlers.s                               0x00000000   Number         0  handlers.o ABSOLUTE
    init.s                                   0x00000000   Number         0  init.o ABSOLUTE
    startup_stm32f103xb.s                    0x00000000   Number         0  startup_stm32f103xb.o ABSOLUTE
    RESET                                    0x08000000   Section      236  startup_stm32f103xb.o(RESET)
    .ARM.Collect$$$$00000000                 0x080000ec   Section        0  entry.o(.ARM.Collect$$$$00000000)
    .ARM.Collect$$$$00000001                 0x080000ec   Section        4  entry2.o(.ARM.Collect$$$$00000001)
    .ARM.Collect$$$$00000004                 0x080000f0   Section        4  entry5.o(.ARM.Collect$$$$00000004)
    .ARM.Collect$$$$00000008                 0x080000f4   Section        0  entry7b.o(.ARM.Collect$$$$00000008)
    .ARM.Collect$$$$0000000A                 0x080000f4   Section        0  entry8b.o(.ARM.Collect$$$$0000000A)
    .ARM.Collect$$$$0000000B                 0x080000f4   Section        8  entry9a.o(.ARM.Collect$$$$0000000B)
    .ARM.Collect$$$$0000000D                 0x080000fc   Section        0  entry10a.o(.ARM.Collect$$$$0000000D)
    .ARM.Collect$$$$0000000F                 0x080000fc   Section        0  entry11a.o(.ARM.Collect$$$$0000000F)
    .ARM.Collect$$$$00002712                 0x080000fc   Section        4  entry2.o(.ARM.Collect$$$$00002712)
    __lit__00000000                          0x080000fc   Data           4  entry2.o(.ARM.Collect$$$$00002712)
    .text                                    0x08000100   Section       36  startup_stm32f103xb.o(.text)
    .text                                    0x08000124   Section        0  llushr.o(.text)
    .text                                    0x08000144   Section        0  fadd.o(.text)
    .text                                    0x080001f4   Section        0  fmul.o(.text)
    .text                                    0x08000258   Section        0  fdiv.o(.text)
    .text                                    0x080002d4   Section        0  dadd.o(.text)
    .text                                    0x08000422   Section        0  dmul.o(.text)
    .text                                    0x08000506   Section        0  ddiv.o(.text)
    .text                                    0x080005e4   Section        0  dscalb.o(.text)
    .text                                    0x08000612   Section        0  fflti.o(.text)
    .text                                    0x08000624   Section        0  ffltui.o(.text)
    .text                                    0x0800062e   Section        0  dfltui.o(.text)
    .text                                    0x08000648   Section        0  ffixi.o(.text)
    .text                                    0x0800067a   Section        0  dfixui.o(.text)
    .text                                    0x080006ac   Section        0  f2d.o(.text)
    .text                                    0x080006d4   Section       48  cdrcmple.o(.text)
    .text                                    0x08000704   Section        0  d2f.o(.text)
    .text                                    0x0800073c   Section        0  uidiv.o(.text)
    .text                                    0x08000768   Section        0  uldiv.o(.text)
    .text                                    0x080007ca   Section        0  llshl.o(.text)
    .text                                    0x080007e8   Section        0  llsshr.o(.text)
    .text                                    0x0800080c   Section        0  fepilogue.o(.text)
    .text                                    0x0800080c   Section        0  iusefp.o(.text)
    .text                                    0x0800087a   Section        0  depilogue.o(.text)
    .text                                    0x08000934   Section        0  dsqrt.o(.text)
    .text                                    0x080009d6   Section        0  dfixul.o(.text)
    .text                                    0x08000a08   Section       36  init.o(.text)
    .text                                    0x08000a2c   Section        0  __dczerorl2.o(.text)
    i.ADC_ConversionStop_Disable             0x08000a84   Section        0  stm32f1xx_hal_adc.o(i.ADC_ConversionStop_Disable)
    i.ADC_DMAConvCplt                        0x08000ad0   Section        0  stm32f1xx_hal_adc.o(i.ADC_DMAConvCplt)
    i.ADC_DMAError                           0x08000b1e   Section        0  stm32f1xx_hal_adc.o(i.ADC_DMAError)
    i.ADC_DMAHalfConvCplt                    0x08000b38   Section        0  stm32f1xx_hal_adc.o(i.ADC_DMAHalfConvCplt)
    i.ADC_Enable                             0x08000b44   Section        0  stm32f1xx_hal_adc.o(i.ADC_Enable)
    i.BusFault_Handler                       0x08000bb4   Section        0  stm32f1xx_it.o(i.BusFault_Handler)
    i.Charge                                 0x08000bb8   Section        0  vape.o(i.Charge)
    i.Counter_Fire                           0x08000c70   Section        0  vape.o(i.Counter_Fire)
    i.DMA1_Channel1_IRQHandler               0x08000c98   Section        0  stm32f1xx_it.o(i.DMA1_Channel1_IRQHandler)
    i.DMA_SetConfig                          0x08000ca4   Section        0  stm32f1xx_hal_dma.o(i.DMA_SetConfig)
    DMA_SetConfig                            0x08000ca5   Thumb Code    42  stm32f1xx_hal_dma.o(i.DMA_SetConfig)
    i.DebugMon_Handler                       0x08000cce   Section        0  stm32f1xx_it.o(i.DebugMon_Handler)
    i.Draw_Acumulator                        0x08000cd0   Section        0  vape.o(i.Draw_Acumulator)
    i.Draw_Frame2                            0x08000d38   Section        0  vape.o(i.Draw_Frame2)
    i.EE_Format                              0x08000d84   Section        0  eeprom.o(i.EE_Format)
    i.EE_Read                                0x08000dc4   Section        0  eeprom.o(i.EE_Read)
    i.EE_Reads                               0x08000de0   Section        0  eeprom.o(i.EE_Reads)
    i.EE_Write                               0x08000e0c   Section        0  eeprom.o(i.EE_Write)
    i.EXTI0_IRQHandler                       0x08000e94   Section        0  stm32f1xx_it.o(i.EXTI0_IRQHandler)
    i.FLASH_MassErase                        0x08000e9c   Section        0  stm32f1xx_hal_flash_ex.o(i.FLASH_MassErase)
    FLASH_MassErase                          0x08000e9d   Thumb Code    26  stm32f1xx_hal_flash_ex.o(i.FLASH_MassErase)
    i.FLASH_PageErase                        0x08000ec0   Section        0  stm32f1xx_hal_flash_ex.o(i.FLASH_PageErase)
    i.FLASH_Program_HalfWord                 0x08000ee4   Section        0  stm32f1xx_hal_flash.o(i.FLASH_Program_HalfWord)
    FLASH_Program_HalfWord                   0x08000ee5   Thumb Code    20  stm32f1xx_hal_flash.o(i.FLASH_Program_HalfWord)
    i.FLASH_SetErrorCode                     0x08000f00   Section        0  stm32f1xx_hal_flash.o(i.FLASH_SetErrorCode)
    FLASH_SetErrorCode                       0x08000f01   Thumb Code    84  stm32f1xx_hal_flash.o(i.FLASH_SetErrorCode)
    i.FLASH_WaitForLastOperation             0x08000f5c   Section        0  stm32f1xx_hal_flash.o(i.FLASH_WaitForLastOperation)
    i.Get_Volt                               0x08000fb0   Section        0  vape.o(i.Get_Volt)
    i.Get_Watt                               0x08000ff0   Section        0  vape.o(i.Get_Watt)
    i.HAL_ADC_ConfigChannel                  0x08001030   Section        0  stm32f1xx_hal_adc.o(i.HAL_ADC_ConfigChannel)
    i.HAL_ADC_ConvCpltCallback               0x0800112c   Section        0  main.o(i.HAL_ADC_ConvCpltCallback)
    i.HAL_ADC_ConvHalfCpltCallback           0x0800115c   Section        0  stm32f1xx_hal_adc.o(i.HAL_ADC_ConvHalfCpltCallback)
    i.HAL_ADC_ErrorCallback                  0x0800115e   Section        0  stm32f1xx_hal_adc.o(i.HAL_ADC_ErrorCallback)
    i.HAL_ADC_Init                           0x08001160   Section        0  stm32f1xx_hal_adc.o(i.HAL_ADC_Init)
    i.HAL_ADC_MspInit                        0x0800127c   Section        0  stm32f1xx_hal_msp.o(i.HAL_ADC_MspInit)
    i.HAL_ADC_Start_DMA                      0x08001314   Section        0  stm32f1xx_hal_adc.o(i.HAL_ADC_Start_DMA)
    i.HAL_DMA_IRQHandler                     0x08001420   Section        0  stm32f1xx_hal_dma.o(i.HAL_DMA_IRQHandler)
    i.HAL_DMA_Init                           0x08001574   Section        0  stm32f1xx_hal_dma.o(i.HAL_DMA_Init)
    i.HAL_DMA_Start_IT                       0x080015d8   Section        0  stm32f1xx_hal_dma.o(i.HAL_DMA_Start_IT)
    i.HAL_Delay                              0x08001648   Section        0  stm32f1xx_hal.o(i.HAL_Delay)
    i.HAL_FLASHEx_Erase                      0x08001664   Section        0  stm32f1xx_hal_flash_ex.o(i.HAL_FLASHEx_Erase)
    i.HAL_FLASH_Lock                         0x0800170c   Section        0  stm32f1xx_hal_flash.o(i.HAL_FLASH_Lock)
    i.HAL_FLASH_Program                      0x08001720   Section        0  stm32f1xx_hal_flash.o(i.HAL_FLASH_Program)
    i.HAL_FLASH_Unlock                       0x080017a0   Section        0  stm32f1xx_hal_flash.o(i.HAL_FLASH_Unlock)
    i.HAL_GPIO_EXTI_Callback                 0x080017c4   Section        0  stm32f1xx_hal_gpio.o(i.HAL_GPIO_EXTI_Callback)
    i.HAL_GPIO_EXTI_IRQHandler               0x080017c8   Section        0  stm32f1xx_hal_gpio.o(i.HAL_GPIO_EXTI_IRQHandler)
    i.HAL_GPIO_Init                          0x080017e0   Section        0  stm32f1xx_hal_gpio.o(i.HAL_GPIO_Init)
    i.HAL_GPIO_ReadPin                       0x0800199c   Section        0  stm32f1xx_hal_gpio.o(i.HAL_GPIO_ReadPin)
    i.HAL_GPIO_WritePin                      0x080019a6   Section        0  stm32f1xx_hal_gpio.o(i.HAL_GPIO_WritePin)
    i.HAL_GetTick                            0x080019b0   Section        0  stm32f1xx_hal.o(i.HAL_GetTick)
    i.HAL_I2C_Init                           0x080019bc   Section        0  stm32f1xx_hal_i2c.o(i.HAL_I2C_Init)
    i.HAL_I2C_Mem_Write                      0x08001ac4   Section        0  stm32f1xx_hal_i2c.o(i.HAL_I2C_Mem_Write)
    i.HAL_I2C_MspInit                        0x08001c00   Section        0  stm32f1xx_hal_msp.o(i.HAL_I2C_MspInit)
    i.HAL_IncTick                            0x08001c44   Section        0  stm32f1xx_hal.o(i.HAL_IncTick)
    i.HAL_Init                               0x08001c54   Section        0  stm32f1xx_hal.o(i.HAL_Init)
    i.HAL_InitTick                           0x08001c78   Section        0  stm32f1xx_hal.o(i.HAL_InitTick)
    i.HAL_MspInit                            0x08001ca0   Section        0  stm32f1xx_hal_msp.o(i.HAL_MspInit)
    i.HAL_NVIC_EnableIRQ                     0x08001d24   Section        0  stm32f1xx_hal_cortex.o(i.HAL_NVIC_EnableIRQ)
    i.HAL_NVIC_SetPriority                   0x08001d3c   Section        0  stm32f1xx_hal_cortex.o(i.HAL_NVIC_SetPriority)
    i.HAL_NVIC_SetPriorityGrouping           0x08001d7c   Section        0  stm32f1xx_hal_cortex.o(i.HAL_NVIC_SetPriorityGrouping)
    i.HAL_PWR_EnterSTANDBYMode               0x08001da0   Section        0  stm32f1xx_hal_pwr.o(i.HAL_PWR_EnterSTANDBYMode)
    i.HAL_RCCEx_PeriphCLKConfig              0x08001dc0   Section        0  stm32f1xx_hal_rcc_ex.o(i.HAL_RCCEx_PeriphCLKConfig)
    i.HAL_RCC_ClockConfig                    0x08001eac   Section        0  stm32f1xx_hal_rcc.o(i.HAL_RCC_ClockConfig)
    i.HAL_RCC_GetHCLKFreq                    0x08002000   Section        0  stm32f1xx_hal_rcc.o(i.HAL_RCC_GetHCLKFreq)
    i.HAL_RCC_GetPCLK1Freq                   0x0800200c   Section        0  stm32f1xx_hal_rcc.o(i.HAL_RCC_GetPCLK1Freq)
    i.HAL_RCC_GetSysClockFreq                0x0800202c   Section        0  stm32f1xx_hal_rcc.o(i.HAL_RCC_GetSysClockFreq)
    i.HAL_RCC_OscConfig                      0x0800209c   Section        0  stm32f1xx_hal_rcc.o(i.HAL_RCC_OscConfig)
    i.HAL_SYSTICK_CLKSourceConfig            0x080023a0   Section        0  stm32f1xx_hal_cortex.o(i.HAL_SYSTICK_CLKSourceConfig)
    i.HAL_SYSTICK_Callback                   0x080023b8   Section        0  stm32f1xx_hal_cortex.o(i.HAL_SYSTICK_Callback)
    i.HAL_SYSTICK_Config                     0x080023ba   Section        0  stm32f1xx_hal_cortex.o(i.HAL_SYSTICK_Config)
    i.HAL_SYSTICK_IRQHandler                 0x080023e2   Section        0  stm32f1xx_hal_cortex.o(i.HAL_SYSTICK_IRQHandler)
    i.HAL_TIMEx_ConfigBreakDeadTime          0x080023ea   Section        0  stm32f1xx_hal_tim_ex.o(i.HAL_TIMEx_ConfigBreakDeadTime)
    i.HAL_TIMEx_MasterConfigSynchronization  0x08002444   Section        0  stm32f1xx_hal_tim_ex.o(i.HAL_TIMEx_MasterConfigSynchronization)
    i.HAL_TIM_Base_Init                      0x08002494   Section        0  stm32f1xx_hal_tim.o(i.HAL_TIM_Base_Init)
    i.HAL_TIM_Base_MspInit                   0x080024cc   Section        0  stm32f1xx_hal_msp.o(i.HAL_TIM_Base_MspInit)
    i.HAL_TIM_ConfigClockSource              0x080024f4   Section        0  stm32f1xx_hal_tim.o(i.HAL_TIM_ConfigClockSource)
    i.HAL_TIM_MspPostInit                    0x080025e8   Section        0  stm32f1xx_hal_msp.o(i.HAL_TIM_MspPostInit)
    i.HAL_TIM_PWM_ConfigChannel              0x08002610   Section        0  stm32f1xx_hal_tim.o(i.HAL_TIM_PWM_ConfigChannel)
    i.HAL_TIM_PWM_Init                       0x080026e0   Section        0  stm32f1xx_hal_tim.o(i.HAL_TIM_PWM_Init)
    i.HAL_TIM_PWM_MspInit                    0x08002716   Section        0  stm32f1xx_hal_tim.o(i.HAL_TIM_PWM_MspInit)
    i.HAL_TIM_PWM_Start                      0x08002718   Section        0  stm32f1xx_hal_tim.o(i.HAL_TIM_PWM_Start)
    i.HardFault_Handler                      0x08002748   Section        0  stm32f1xx_it.o(i.HardFault_Handler)
    i.I2C_IsAcknowledgeFailed                0x0800274a   Section        0  stm32f1xx_hal_i2c.o(i.I2C_IsAcknowledgeFailed)
    I2C_IsAcknowledgeFailed                  0x0800274b   Thumb Code    40  stm32f1xx_hal_i2c.o(i.I2C_IsAcknowledgeFailed)
    i.I2C_RequestMemoryWrite                 0x08002774   Section        0  stm32f1xx_hal_i2c.o(i.I2C_RequestMemoryWrite)
    I2C_RequestMemoryWrite                   0x08002775   Thumb Code   156  stm32f1xx_hal_i2c.o(i.I2C_RequestMemoryWrite)
    i.I2C_WaitOnBTFFlagUntilTimeout          0x08002814   Section        0  stm32f1xx_hal_i2c.o(i.I2C_WaitOnBTFFlagUntilTimeout)
    I2C_WaitOnBTFFlagUntilTimeout            0x08002815   Thumb Code    78  stm32f1xx_hal_i2c.o(i.I2C_WaitOnBTFFlagUntilTimeout)
    i.I2C_WaitOnFlagUntilTimeout             0x08002862   Section        0  stm32f1xx_hal_i2c.o(i.I2C_WaitOnFlagUntilTimeout)
    I2C_WaitOnFlagUntilTimeout               0x08002863   Thumb Code    96  stm32f1xx_hal_i2c.o(i.I2C_WaitOnFlagUntilTimeout)
    i.I2C_WaitOnMasterAddressFlagUntilTimeout 0x080028c4   Section        0  stm32f1xx_hal_i2c.o(i.I2C_WaitOnMasterAddressFlagUntilTimeout)
    I2C_WaitOnMasterAddressFlagUntilTimeout  0x080028c5   Thumb Code   136  stm32f1xx_hal_i2c.o(i.I2C_WaitOnMasterAddressFlagUntilTimeout)
    i.I2C_WaitOnTXEFlagUntilTimeout          0x0800294c   Section        0  stm32f1xx_hal_i2c.o(i.I2C_WaitOnTXEFlagUntilTimeout)
    I2C_WaitOnTXEFlagUntilTimeout            0x0800294d   Thumb Code    78  stm32f1xx_hal_i2c.o(i.I2C_WaitOnTXEFlagUntilTimeout)
    i.MX_ADC1_Init                           0x0800299c   Section        0  main.o(i.MX_ADC1_Init)
    MX_ADC1_Init                             0x0800299d   Thumb Code   104  main.o(i.MX_ADC1_Init)
    i.MX_GPIO_Init                           0x08002a0c   Section        0  main.o(i.MX_GPIO_Init)
    MX_GPIO_Init                             0x08002a0d   Thumb Code   144  main.o(i.MX_GPIO_Init)
    i.MX_I2C1_Init                           0x08002aac   Section        0  main.o(i.MX_I2C1_Init)
    MX_I2C1_Init                             0x08002aad   Thumb Code    44  main.o(i.MX_I2C1_Init)
    i.MX_TIM1_Init                           0x08002ae4   Section        0  main.o(i.MX_TIM1_Init)
    MX_TIM1_Init                             0x08002ae5   Thumb Code   150  main.o(i.MX_TIM1_Init)
    i.MemManage_Handler                      0x08002b84   Section        0  stm32f1xx_it.o(i.MemManage_Handler)
    i.Menu                                   0x08002b88   Section        0  vape.o(i.Menu)
    i.Menu_settings                          0x08002d28   Section        0  vape.o(i.Menu_settings)
    i.NMI_Handler                            0x08002e94   Section        0  stm32f1xx_it.o(i.NMI_Handler)
    i.NVIC_SetPriority                       0x08002e96   Section        0  stm32f1xx_hal_cortex.o(i.NVIC_SetPriority)
    NVIC_SetPriority                         0x08002e97   Thumb Code    32  stm32f1xx_hal_cortex.o(i.NVIC_SetPriority)
    i.NoCoil                                 0x08002eb8   Section        0  vape.o(i.NoCoil)
    i.PendSV_Handler                         0x08002ee0   Section        0  stm32f1xx_it.o(i.PendSV_Handler)
    i.Power_off                              0x08002ee4   Section        0  vape.o(i.Power_off)
    i.Print_Acum                             0x08002f98   Section        0  vape.o(i.Print_Acum)
    i.Print_Acum_charge                      0x08003140   Section        0  vape.o(i.Print_Acum_charge)
    i.Print_Om                               0x08003988   Section        0  vape.o(i.Print_Om)
    i.Read_ADC                               0x080039ac   Section        0  vape.o(i.Read_ADC)
    i.Read_Amp                               0x08003a44   Section        0  vape.o(i.Read_Amp)
    i.Read_Om_t                              0x08003a9c   Section        0  vape.o(i.Read_Om_t)
    i.Read_temperature                       0x08003b34   Section        0  vape.o(i.Read_temperature)
    i.SSD1306_DrawFilledRectangle            0x08003bd8   Section        0  ssd1306.o(i.SSD1306_DrawFilledRectangle)
    i.SSD1306_DrawLine                       0x08003c2e   Section        0  ssd1306.o(i.SSD1306_DrawLine)
    i.SSD1306_OFF                            0x08003d38   Section        0  ssd1306.o(i.SSD1306_OFF)
    i.SVC_Handler                            0x08003d50   Section        0  stm32f1xx_it.o(i.SVC_Handler)
    i.Set_Time_Out                           0x08003d54   Section        0  vape.o(i.Set_Time_Out)
    i.SysTick_Handler                        0x08003e00   Section        0  stm32f1xx_it.o(i.SysTick_Handler)
    i.SystemClock_Config                     0x08003e0e   Section        0  main.o(i.SystemClock_Config)
    i.SystemInit                             0x08003e8c   Section        0  system_stm32f1xx.o(i.SystemInit)
    i.TIM_Base_SetConfig                     0x08003ed4   Section        0  stm32f1xx_hal_tim.o(i.TIM_Base_SetConfig)
    i.TIM_CCxChannelCmd                      0x08003f40   Section        0  stm32f1xx_hal_tim.o(i.TIM_CCxChannelCmd)
    i.TIM_ETR_SetConfig                      0x08003f56   Section        0  stm32f1xx_hal_tim.o(i.TIM_ETR_SetConfig)
    TIM_ETR_SetConfig                        0x08003f57   Thumb Code    20  stm32f1xx_hal_tim.o(i.TIM_ETR_SetConfig)
    i.TIM_ITRx_SetConfig                     0x08003f6a   Section        0  stm32f1xx_hal_tim.o(i.TIM_ITRx_SetConfig)
    TIM_ITRx_SetConfig                       0x08003f6b   Thumb Code    16  stm32f1xx_hal_tim.o(i.TIM_ITRx_SetConfig)
    i.TIM_OC1_SetConfig                      0x08003f7c   Section        0  stm32f1xx_hal_tim.o(i.TIM_OC1_SetConfig)
    TIM_OC1_SetConfig                        0x08003f7d   Thumb Code    74  stm32f1xx_hal_tim.o(i.TIM_OC1_SetConfig)
    i.TIM_OC2_SetConfig                      0x08003fcc   Section        0  stm32f1xx_hal_tim.o(i.TIM_OC2_SetConfig)
    i.TIM_OC3_SetConfig                      0x08004024   Section        0  stm32f1xx_hal_tim.o(i.TIM_OC3_SetConfig)
    TIM_OC3_SetConfig                        0x08004025   Thumb Code    82  stm32f1xx_hal_tim.o(i.TIM_OC3_SetConfig)
    i.TIM_OC4_SetConfig                      0x0800407c   Section        0  stm32f1xx_hal_tim.o(i.TIM_OC4_SetConfig)
    TIM_OC4_SetConfig                        0x0800407d   Thumb Code    64  stm32f1xx_hal_tim.o(i.TIM_OC4_SetConfig)
    i.TIM_TI1_ConfigInputStage               0x080040c0   Section        0  stm32f1xx_hal_tim.o(i.TIM_TI1_ConfigInputStage)
    TIM_TI1_ConfigInputStage                 0x080040c1   Thumb Code    34  stm32f1xx_hal_tim.o(i.TIM_TI1_ConfigInputStage)
    i.TIM_TI2_ConfigInputStage               0x080040e2   Section        0  stm32f1xx_hal_tim.o(i.TIM_TI2_ConfigInputStage)
    TIM_TI2_ConfigInputStage                 0x080040e3   Thumb Code    36  stm32f1xx_hal_tim.o(i.TIM_TI2_ConfigInputStage)
    i.Timer_off                              0x08004108   Section        0  vape.o(i.Timer_off)
    i.UsageFault_Handler                     0x08004130   Section        0  stm32f1xx_it.o(i.UsageFault_Handler)
    i.Varivatt                               0x08004134   Section        0  vape.o(i.Varivatt)
    i.Varivolt                               0x080043e4   Section        0  vape.o(i.Varivolt)
    i.Vout                                   0x08004640   Section        0  main.o(i.Vout)
    i._Error_Handler                         0x08004688   Section        0  main.o(i._Error_Handler)
    i.__0sprintf                             0x0800468c   Section        0  printfa.o(i.__0sprintf)
    i.__scatterload_copy                     0x080046b4   Section       14  handlers.o(i.__scatterload_copy)
    i.__scatterload_null                     0x080046c2   Section        2  handlers.o(i.__scatterload_null)
    i.__scatterload_zeroinit                 0x080046c4   Section       14  handlers.o(i.__scatterload_zeroinit)
    i.__set_errno                            0x080046d4   Section        0  errno.o(i.__set_errno)
    i._fp_digits                             0x080046e0   Section        0  printfa.o(i._fp_digits)
    _fp_digits                               0x080046e1   Thumb Code   366  printfa.o(i._fp_digits)
    i._printf_core                           0x08004864   Section        0  printfa.o(i._printf_core)
    _printf_core                             0x08004865   Thumb Code  1744  printfa.o(i._printf_core)
    i._printf_post_padding                   0x08004f40   Section        0  printfa.o(i._printf_post_padding)
    _printf_post_padding                     0x08004f41   Thumb Code    36  printfa.o(i._printf_post_padding)
    i._printf_pre_padding                    0x08004f64   Section        0  printfa.o(i._printf_pre_padding)
    _printf_pre_padding                      0x08004f65   Thumb Code    46  printfa.o(i._printf_pre_padding)
    i._sputc                                 0x08004f92   Section        0  printfa.o(i._sputc)
    _sputc                                   0x08004f93   Thumb Code    10  printfa.o(i._sputc)
    i.main                                   0x08004f9c   Section        0  main.o(i.main)
    i.sqrt                                   0x08005300   Section        0  sqrt.o(i.sqrt)
    i.ssd1306_DrawPixel                      0x0800534c   Section        0  ssd1306.o(i.ssd1306_DrawPixel)
    i.ssd1306_Fill                           0x0800538c   Section        0  ssd1306.o(i.ssd1306_Fill)
    i.ssd1306_Init                           0x080053ac   Section        0  ssd1306.o(i.ssd1306_Init)
    i.ssd1306_SetCursor                      0x0800547c   Section        0  ssd1306.o(i.ssd1306_SetCursor)
    i.ssd1306_UpdateScreen                   0x08005488   Section        0  ssd1306.o(i.ssd1306_UpdateScreen)
    i.ssd1306_WriteChar                      0x080054d4   Section        0  ssd1306.o(i.ssd1306_WriteChar)
    i.ssd1306_WriteCommand                   0x08005570   Section        0  ssd1306.o(i.ssd1306_WriteCommand)
    ssd1306_WriteCommand                     0x08005571   Thumb Code    30  ssd1306.o(i.ssd1306_WriteCommand)
    i.ssd1306_WriteString                    0x08005594   Section        0  ssd1306.o(i.ssd1306_WriteString)
    .constdata                               0x080055c0   Section       16  system_stm32f1xx.o(.constdata)
    .constdata                               0x080055d0   Section        8  system_stm32f1xx.o(.constdata)
    .constdata                               0x080055d8   Section     1900  fonts.o(.constdata)
    Font7x10                                 0x080055d8   Data        1900  fonts.o(.constdata)
    .constdata                               0x08005d44   Section     3420  fonts.o(.constdata)
    Font11x18                                0x08005d44   Data        3420  fonts.o(.constdata)
    .constdata                               0x08006aa0   Section     4750  fonts.o(.constdata)
    .constdata                               0x08007d2e   Section     3610  fonts.o(.constdata)
    .conststring                             0x08008b48   Section      119  vape.o(.conststring)
    .data                                    0x20000000   Section        4  system_stm32f1xx.o(.data)
    .data                                    0x20000004   Section       64  main.o(.data)
    .data                                    0x20000044   Section        4  main.o(.data)
    .data                                    0x20000048   Section        1  main.o(.data)
    .data                                    0x2000004c   Section        8  main.o(.data)
    .data                                    0x20000054   Section        5  main.o(.data)
    .data                                    0x20000059   Section        6  main.o(.data)
    .data                                    0x20000060   Section        4  main.o(.data)
    .data                                    0x20000064   Section        6  main.o(.data)
    .data                                    0x2000006a   Section        6  main.o(.data)
    .data                                    0x20000070   Section        8  fonts.o(.data)
    .data                                    0x20000078   Section        8  fonts.o(.data)
    .data                                    0x20000080   Section        8  fonts.o(.data)
    .data                                    0x20000088   Section        8  fonts.o(.data)
    .data                                    0x20000090   Section        6  ssd1306.o(.data)
    SSD1306                                  0x20000090   Data           6  ssd1306.o(.data)
    .data                                    0x20000098   Section      456  vape.o(.data)
    .data                                    0x20000260   Section        4  stm32f1xx_hal.o(.data)
    .data                                    0x20000264   Section        4  errno.o(.data)
    _errno                                   0x20000264   Data           4  errno.o(.data)
    .bss                                     0x20000268   Section      229  main.o(.bss)
    .bss                                     0x20000350   Section       68  main.o(.bss)
    .bss                                     0x20000394   Section     1024  ssd1306.o(.bss)
    SSD1306_Buffer                           0x20000394   Data        1024  ssd1306.o(.bss)
    .bss                                     0x20000794   Section     2048  eeprom.o(.bss)
    .bss                                     0x20000f98   Section       32  stm32f1xx_hal_flash.o(.bss)
    STACK                                    0x20000fb8   Section     1024  startup_stm32f103xb.o(STACK)

    Global Symbols

    Symbol Name                              Value     Ov Type        Size  Object(Section)

    BuildAttributes$$THM_ISAv4$P$D$K$B$S$PE$A:L22UL41UL21$X:L11$S22US41US21$IEEE1$IW$USESV6$~STKCKD$USESV7$~SHL$OTIME$ROPI$IEEEJ$EBA8$MICROLIB$REQ8$PRES8$EABIv2 0x00000000   Number         0  anon$$obj.o ABSOLUTE
    __ARM_use_no_argv                        0x00000000   Number         0  main.o ABSOLUTE
    _printf_a                                0x00000000   Number         0  stubs.o ABSOLUTE
    _printf_c                                0x00000000   Number         0  stubs.o ABSOLUTE
    _printf_charcount                        0x00000000   Number         0  stubs.o ABSOLUTE
    _printf_d                                0x00000000   Number         0  stubs.o ABSOLUTE
    _printf_e                                0x00000000   Number         0  stubs.o ABSOLUTE
    _printf_f                                0x00000000   Number         0  stubs.o ABSOLUTE
    _printf_flags                            0x00000000   Number         0  stubs.o ABSOLUTE
    _printf_fp_dec                           0x00000000   Number         0  stubs.o ABSOLUTE
    _printf_fp_hex                           0x00000000   Number         0  stubs.o ABSOLUTE
    _printf_g                                0x00000000   Number         0  stubs.o ABSOLUTE
    _printf_i                                0x00000000   Number         0  stubs.o ABSOLUTE
    _printf_int_dec                          0x00000000   Number         0  stubs.o ABSOLUTE
    _printf_l                                0x00000000   Number         0  stubs.o ABSOLUTE
    _printf_lc                               0x00000000   Number         0  stubs.o ABSOLUTE
    _printf_ll                               0x00000000   Number         0  stubs.o ABSOLUTE
    _printf_lld                              0x00000000   Number         0  stubs.o ABSOLUTE
    _printf_lli                              0x00000000   Number         0  stubs.o ABSOLUTE
    _printf_llo                              0x00000000   Number         0  stubs.o ABSOLUTE
    _printf_llu                              0x00000000   Number         0  stubs.o ABSOLUTE
    _printf_llx                              0x00000000   Number         0  stubs.o ABSOLUTE
    _printf_longlong_dec                     0x00000000   Number         0  stubs.o ABSOLUTE
    _printf_longlong_hex                     0x00000000   Number         0  stubs.o ABSOLUTE
    _printf_longlong_oct                     0x00000000   Number         0  stubs.o ABSOLUTE
    _printf_ls                               0x00000000   Number         0  stubs.o ABSOLUTE
    _printf_mbtowc                           0x00000000   Number         0  stubs.o ABSOLUTE
    _printf_n                                0x00000000   Number         0  stubs.o ABSOLUTE
    _printf_o                                0x00000000   Number         0  stubs.o ABSOLUTE
    _printf_p                                0x00000000   Number         0  stubs.o ABSOLUTE
    _printf_percent                          0x00000000   Number         0  stubs.o ABSOLUTE
    _printf_pre_padding                      0x00000000   Number         0  stubs.o ABSOLUTE
    _printf_return_value                     0x00000000   Number         0  stubs.o ABSOLUTE
    _printf_s                                0x00000000   Number         0  stubs.o ABSOLUTE
    _printf_sizespec                         0x00000000   Number         0  stubs.o ABSOLUTE
    _printf_str                              0x00000000   Number         0  stubs.o ABSOLUTE
    _printf_truncate_signed                  0x00000000   Number         0  stubs.o ABSOLUTE
    _printf_truncate_unsigned                0x00000000   Number         0  stubs.o ABSOLUTE
    _printf_u                                0x00000000   Number         0  stubs.o ABSOLUTE
    _printf_wc                               0x00000000   Number         0  stubs.o ABSOLUTE
    _printf_wctomb                           0x00000000   Number         0  stubs.o ABSOLUTE
    _printf_widthprec                        0x00000000   Number         0  stubs.o ABSOLUTE
    _printf_x                                0x00000000   Number         0  stubs.o ABSOLUTE
    __cpp_initialize__aeabi_                  - Undefined Weak Reference
    __cxa_finalize                            - Undefined Weak Reference
    _clock_init                               - Undefined Weak Reference
    _microlib_exit                            - Undefined Weak Reference
    __Vectors_Size                           0x000000ec   Number         0  startup_stm32f103xb.o ABSOLUTE
    __Vectors                                0x08000000   Data           4  startup_stm32f103xb.o(RESET)
    __Vectors_End                            0x080000ec   Data           0  startup_stm32f103xb.o(RESET)
    __main                                   0x080000ed   Thumb Code     0  entry.o(.ARM.Collect$$$$00000000)
    _main_stk                                0x080000ed   Thumb Code     0  entry2.o(.ARM.Collect$$$$00000001)
    _main_scatterload                        0x080000f1   Thumb Code     0  entry5.o(.ARM.Collect$$$$00000004)
    __main_after_scatterload                 0x080000f5   Thumb Code     0  entry5.o(.ARM.Collect$$$$00000004)
    _main_clock                              0x080000f5   Thumb Code     0  entry7b.o(.ARM.Collect$$$$00000008)
    _main_cpp_init                           0x080000f5   Thumb Code     0  entry8b.o(.ARM.Collect$$$$0000000A)
    _main_init                               0x080000f5   Thumb Code     0  entry9a.o(.ARM.Collect$$$$0000000B)
    __rt_final_cpp                           0x080000fd   Thumb Code     0  entry10a.o(.ARM.Collect$$$$0000000D)
    __rt_final_exit                          0x080000fd   Thumb Code     0  entry11a.o(.ARM.Collect$$$$0000000F)
    Reset_Handler                            0x08000101   Thumb Code     8  startup_stm32f103xb.o(.text)
    ADC1_2_IRQHandler                        0x0800011b   Thumb Code     0  startup_stm32f103xb.o(.text)
    CAN1_RX1_IRQHandler                      0x0800011b   Thumb Code     0  startup_stm32f103xb.o(.text)
    CAN1_SCE_IRQHandler                      0x0800011b   Thumb Code     0  startup_stm32f103xb.o(.text)
    DMA1_Channel2_IRQHandler                 0x0800011b   Thumb Code     0  startup_stm32f103xb.o(.text)
    DMA1_Channel3_IRQHandler                 0x0800011b   Thumb Code     0  startup_stm32f103xb.o(.text)
    DMA1_Channel4_IRQHandler                 0x0800011b   Thumb Code     0  startup_stm32f103xb.o(.text)
    DMA1_Channel5_IRQHandler                 0x0800011b   Thumb Code     0  startup_stm32f103xb.o(.text)
    DMA1_Channel6_IRQHandler                 0x0800011b   Thumb Code     0  startup_stm32f103xb.o(.text)
    DMA1_Channel7_IRQHandler                 0x0800011b   Thumb Code     0  startup_stm32f103xb.o(.text)
    EXTI15_10_IRQHandler                     0x0800011b   Thumb Code     0  startup_stm32f103xb.o(.text)
    EXTI1_IRQHandler                         0x0800011b   Thumb Code     0  startup_stm32f103xb.o(.text)
    EXTI2_IRQHandler                         0x0800011b   Thumb Code     0  startup_stm32f103xb.o(.text)
    EXTI3_IRQHandler                         0x0800011b   Thumb Code     0  startup_stm32f103xb.o(.text)
    EXTI4_IRQHandler                         0x0800011b   Thumb Code     0  startup_stm32f103xb.o(.text)
    EXTI9_5_IRQHandler                       0x0800011b   Thumb Code     0  startup_stm32f103xb.o(.text)
    FLASH_IRQHandler                         0x0800011b   Thumb Code     0  startup_stm32f103xb.o(.text)
    I2C1_ER_IRQHandler                       0x0800011b   Thumb Code     0  startup_stm32f103xb.o(.text)
    I2C1_EV_IRQHandler                       0x0800011b   Thumb Code     0  startup_stm32f103xb.o(.text)
    I2C2_ER_IRQHandler                       0x0800011b   Thumb Code     0  startup_stm32f103xb.o(.text)
    I2C2_EV_IRQHandler                       0x0800011b   Thumb Code     0  startup_stm32f103xb.o(.text)
    PVD_IRQHandler                           0x0800011b   Thumb Code     0  startup_stm32f103xb.o(.text)
    RCC_IRQHandler                           0x0800011b   Thumb Code     0  startup_stm32f103xb.o(.text)
    RTC_Alarm_IRQHandler                     0x0800011b   Thumb Code     0  startup_stm32f103xb.o(.text)
    RTC_IRQHandler                           0x0800011b   Thumb Code     0  startup_stm32f103xb.o(.text)
    SPI1_IRQHandler                          0x0800011b   Thumb Code     0  startup_stm32f103xb.o(.text)
    SPI2_IRQHandler                          0x0800011b   Thumb Code     0  startup_stm32f103xb.o(.text)
    TAMPER_IRQHandler                        0x0800011b   Thumb Code     0  startup_stm32f103xb.o(.text)
    TIM1_BRK_IRQHandler                      0x0800011b   Thumb Code     0  startup_stm32f103xb.o(.text)
    TIM1_CC_IRQHandler                       0x0800011b   Thumb Code     0  startup_stm32f103xb.o(.text)
    TIM1_TRG_COM_IRQHandler                  0x0800011b   Thumb Code     0  startup_stm32f103xb.o(.text)
    TIM1_UP_IRQHandler                       0x0800011b   Thumb Code     0  startup_stm32f103xb.o(.text)
    TIM2_IRQHandler                          0x0800011b   Thumb Code     0  startup_stm32f103xb.o(.text)
    TIM3_IRQHandler                          0x0800011b   Thumb Code     0  startup_stm32f103xb.o(.text)
    TIM4_IRQHandler                          0x0800011b   Thumb Code     0  startup_stm32f103xb.o(.text)
    USART1_IRQHandler                        0x0800011b   Thumb Code     0  startup_stm32f103xb.o(.text)
    USART2_IRQHandler                        0x0800011b   Thumb Code     0  startup_stm32f103xb.o(.text)
    USART3_IRQHandler                        0x0800011b   Thumb Code     0  startup_stm32f103xb.o(.text)
    USBWakeUp_IRQHandler                     0x0800011b   Thumb Code     0  startup_stm32f103xb.o(.text)
    USB_HP_CAN1_TX_IRQHandler                0x0800011b   Thumb Code     0  startup_stm32f103xb.o(.text)
    USB_LP_CAN1_RX0_IRQHandler               0x0800011b   Thumb Code     0  startup_stm32f103xb.o(.text)
    WWDG_IRQHandler                          0x0800011b   Thumb Code     0  startup_stm32f103xb.o(.text)
    __aeabi_llsr                             0x08000125   Thumb Code    32  llushr.o(.text)
    _ll_ushift_r                             0x08000125   Thumb Code     0  llushr.o(.text)
    __aeabi_fadd                             0x08000145   Thumb Code   164  fadd.o(.text)
    __aeabi_fsub                             0x080001e9   Thumb Code     6  fadd.o(.text)
    __aeabi_frsub                            0x080001ef   Thumb Code     6  fadd.o(.text)
    __aeabi_fmul                             0x080001f5   Thumb Code   100  fmul.o(.text)
    __aeabi_fdiv                             0x08000259   Thumb Code   124  fdiv.o(.text)
    __aeabi_dadd                             0x080002d5   Thumb Code   322  dadd.o(.text)
    __aeabi_dsub                             0x08000417   Thumb Code     6  dadd.o(.text)
    __aeabi_drsub                            0x0800041d   Thumb Code     6  dadd.o(.text)
    __aeabi_dmul                             0x08000423   Thumb Code   228  dmul.o(.text)
    __aeabi_ddiv                             0x08000507   Thumb Code   222  ddiv.o(.text)
    __ARM_scalbn                             0x080005e5   Thumb Code    46  dscalb.o(.text)
    scalbn                                   0x080005e5   Thumb Code     0  dscalb.o(.text)
    __aeabi_i2f                              0x08000613   Thumb Code    18  fflti.o(.text)
    __aeabi_ui2f                             0x08000625   Thumb Code    10  ffltui.o(.text)
    __aeabi_ui2d                             0x0800062f   Thumb Code    26  dfltui.o(.text)
    __aeabi_f2iz                             0x08000649   Thumb Code    50  ffixi.o(.text)
    __aeabi_d2uiz                            0x0800067b   Thumb Code    50  dfixui.o(.text)
    __aeabi_f2d                              0x080006ad   Thumb Code    38  f2d.o(.text)
    __aeabi_cdrcmple                         0x080006d5   Thumb Code    48  cdrcmple.o(.text)
    __aeabi_d2f                              0x08000705   Thumb Code    56  d2f.o(.text)
    __aeabi_uidiv                            0x0800073d   Thumb Code     0  uidiv.o(.text)
    __aeabi_uidivmod                         0x0800073d   Thumb Code    44  uidiv.o(.text)
    __aeabi_uldivmod                         0x08000769   Thumb Code    98  uldiv.o(.text)
    __aeabi_llsl                             0x080007cb   Thumb Code    30  llshl.o(.text)
    _ll_shift_l                              0x080007cb   Thumb Code     0  llshl.o(.text)
    __aeabi_lasr                             0x080007e9   Thumb Code    36  llsshr.o(.text)
    _ll_sshift_r                             0x080007e9   Thumb Code     0  llsshr.o(.text)
    __I$use$fp                               0x0800080d   Thumb Code     0  iusefp.o(.text)
    _float_round                             0x0800080d   Thumb Code    18  fepilogue.o(.text)
    _float_epilogue                          0x0800081f   Thumb Code    92  fepilogue.o(.text)
    _double_round                            0x0800087b   Thumb Code    30  depilogue.o(.text)
    _double_epilogue                         0x08000899   Thumb Code   156  depilogue.o(.text)
    _dsqrt                                   0x08000935   Thumb Code   162  dsqrt.o(.text)
    __aeabi_d2ulz                            0x080009d7   Thumb Code    48  dfixul.o(.text)
    __scatterload                            0x08000a09   Thumb Code    28  init.o(.text)
    __scatterload_rt2                        0x08000a09   Thumb Code     0  init.o(.text)
    __decompress                             0x08000a2d   Thumb Code     0  __dczerorl2.o(.text)
    __decompress1                            0x08000a2d   Thumb Code    86  __dczerorl2.o(.text)
    ADC_ConversionStop_Disable               0x08000a85   Thumb Code    76  stm32f1xx_hal_adc.o(i.ADC_ConversionStop_Disable)
    ADC_DMAConvCplt                          0x08000ad1   Thumb Code    78  stm32f1xx_hal_adc.o(i.ADC_DMAConvCplt)
    ADC_DMAError                             0x08000b1f   Thumb Code    26  stm32f1xx_hal_adc.o(i.ADC_DMAError)
    ADC_DMAHalfConvCplt                      0x08000b39   Thumb Code    10  stm32f1xx_hal_adc.o(i.ADC_DMAHalfConvCplt)
    ADC_Enable                               0x08000b45   Thumb Code   104  stm32f1xx_hal_adc.o(i.ADC_Enable)
    BusFault_Handler                         0x08000bb5   Thumb Code     2  stm32f1xx_it.o(i.BusFault_Handler)
    Charge                                   0x08000bb9   Thumb Code   158  vape.o(i.Charge)
    Counter_Fire                             0x08000c71   Thumb Code    26  vape.o(i.Counter_Fire)
    DMA1_Channel1_IRQHandler                 0x08000c99   Thumb Code     6  stm32f1xx_it.o(i.DMA1_Channel1_IRQHandler)
    DebugMon_Handler                         0x08000ccf   Thumb Code     2  stm32f1xx_it.o(i.DebugMon_Handler)
    Draw_Acumulator                          0x08000cd1   Thumb Code   104  vape.o(i.Draw_Acumulator)
    Draw_Frame2                              0x08000d39   Thumb Code    76  vape.o(i.Draw_Frame2)
    EE_Format                                0x08000d85   Thumb Code    58  eeprom.o(i.EE_Format)
    EE_Read                                  0x08000dc5   Thumb Code    22  eeprom.o(i.EE_Read)
    EE_Reads                                 0x08000de1   Thumb Code    38  eeprom.o(i.EE_Reads)
    EE_Write                                 0x08000e0d   Thumb Code   128  eeprom.o(i.EE_Write)
    EXTI0_IRQHandler                         0x08000e95   Thumb Code     6  stm32f1xx_it.o(i.EXTI0_IRQHandler)
    FLASH_PageErase                          0x08000ec1   Thumb Code    28  stm32f1xx_hal_flash_ex.o(i.FLASH_PageErase)
    FLASH_WaitForLastOperation               0x08000f5d   Thumb Code    80  stm32f1xx_hal_flash.o(i.FLASH_WaitForLastOperation)
    Get_Volt                                 0x08000fb1   Thumb Code    48  vape.o(i.Get_Volt)
    Get_Watt                                 0x08000ff1   Thumb Code    48  vape.o(i.Get_Watt)
    HAL_ADC_ConfigChannel                    0x08001031   Thumb Code   240  stm32f1xx_hal_adc.o(i.HAL_ADC_ConfigChannel)
    HAL_ADC_ConvCpltCallback                 0x0800112d   Thumb Code    40  main.o(i.HAL_ADC_ConvCpltCallback)
    HAL_ADC_ConvHalfCpltCallback             0x0800115d   Thumb Code     2  stm32f1xx_hal_adc.o(i.HAL_ADC_ConvHalfCpltCallback)
    HAL_ADC_ErrorCallback                    0x0800115f   Thumb Code     2  stm32f1xx_hal_adc.o(i.HAL_ADC_ErrorCallback)
    HAL_ADC_Init                             0x08001161   Thumb Code   272  stm32f1xx_hal_adc.o(i.HAL_ADC_Init)
    HAL_ADC_MspInit                          0x0800127d   Thumb Code   104  stm32f1xx_hal_msp.o(i.HAL_ADC_MspInit)
    HAL_ADC_Start_DMA                        0x08001315   Thumb Code   246  stm32f1xx_hal_adc.o(i.HAL_ADC_Start_DMA)
    HAL_DMA_IRQHandler                       0x08001421   Thumb Code   316  stm32f1xx_hal_dma.o(i.HAL_DMA_IRQHandler)
    HAL_DMA_Init                             0x08001575   Thumb Code    92  stm32f1xx_hal_dma.o(i.HAL_DMA_Init)
    HAL_DMA_Start_IT                         0x080015d9   Thumb Code   112  stm32f1xx_hal_dma.o(i.HAL_DMA_Start_IT)
    HAL_Delay                                0x08001649   Thumb Code    28  stm32f1xx_hal.o(i.HAL_Delay)
    HAL_FLASHEx_Erase                        0x08001665   Thumb Code   160  stm32f1xx_hal_flash_ex.o(i.HAL_FLASHEx_Erase)
    HAL_FLASH_Lock                           0x0800170d   Thumb Code    14  stm32f1xx_hal_flash.o(i.HAL_FLASH_Lock)
    HAL_FLASH_Program                        0x08001721   Thumb Code   120  stm32f1xx_hal_flash.o(i.HAL_FLASH_Program)
    HAL_FLASH_Unlock                         0x080017a1   Thumb Code    24  stm32f1xx_hal_flash.o(i.HAL_FLASH_Unlock)
    HAL_GPIO_EXTI_Callback                   0x080017c5   Thumb Code     2  stm32f1xx_hal_gpio.o(i.HAL_GPIO_EXTI_Callback)
    HAL_GPIO_EXTI_IRQHandler                 0x080017c9   Thumb Code    18  stm32f1xx_hal_gpio.o(i.HAL_GPIO_EXTI_IRQHandler)
    HAL_GPIO_Init                            0x080017e1   Thumb Code   408  stm32f1xx_hal_gpio.o(i.HAL_GPIO_Init)
    HAL_GPIO_ReadPin                         0x0800199d   Thumb Code    10  stm32f1xx_hal_gpio.o(i.HAL_GPIO_ReadPin)
    HAL_GPIO_WritePin                        0x080019a7   Thumb Code    10  stm32f1xx_hal_gpio.o(i.HAL_GPIO_WritePin)
    HAL_GetTick                              0x080019b1   Thumb Code     6  stm32f1xx_hal.o(i.HAL_GetTick)
    HAL_I2C_Init                             0x080019bd   Thumb Code   254  stm32f1xx_hal_i2c.o(i.HAL_I2C_Init)
    HAL_I2C_Mem_Write                        0x08001ac5   Thumb Code   306  stm32f1xx_hal_i2c.o(i.HAL_I2C_Mem_Write)
    HAL_I2C_MspInit                          0x08001c01   Thumb Code    54  stm32f1xx_hal_msp.o(i.HAL_I2C_MspInit)
    HAL_IncTick                              0x08001c45   Thumb Code    10  stm32f1xx_hal.o(i.HAL_IncTick)
    HAL_Init                                 0x08001c55   Thumb Code    32  stm32f1xx_hal.o(i.HAL_Init)
    HAL_InitTick                             0x08001c79   Thumb Code    34  stm32f1xx_hal.o(i.HAL_InitTick)
    HAL_MspInit                              0x08001ca1   Thumb Code   122  stm32f1xx_hal_msp.o(i.HAL_MspInit)
    HAL_NVIC_EnableIRQ                       0x08001d25   Thumb Code    22  stm32f1xx_hal_cortex.o(i.HAL_NVIC_EnableIRQ)
    HAL_NVIC_SetPriority                     0x08001d3d   Thumb Code    60  stm32f1xx_hal_cortex.o(i.HAL_NVIC_SetPriority)
    HAL_NVIC_SetPriorityGrouping             0x08001d7d   Thumb Code    26  stm32f1xx_hal_cortex.o(i.HAL_NVIC_SetPriorityGrouping)
    HAL_PWR_EnterSTANDBYMode                 0x08001da1   Thumb Code    24  stm32f1xx_hal_pwr.o(i.HAL_PWR_EnterSTANDBYMode)
    HAL_RCCEx_PeriphCLKConfig                0x08001dc1   Thumb Code   224  stm32f1xx_hal_rcc_ex.o(i.HAL_RCCEx_PeriphCLKConfig)
    HAL_RCC_ClockConfig                      0x08001ead   Thumb Code   322  stm32f1xx_hal_rcc.o(i.HAL_RCC_ClockConfig)
    HAL_RCC_GetHCLKFreq                      0x08002001   Thumb Code     6  stm32f1xx_hal_rcc.o(i.HAL_RCC_GetHCLKFreq)
    HAL_RCC_GetPCLK1Freq                     0x0800200d   Thumb Code    20  stm32f1xx_hal_rcc.o(i.HAL_RCC_GetPCLK1Freq)
    HAL_RCC_GetSysClockFreq                  0x0800202d   Thumb Code    78  stm32f1xx_hal_rcc.o(i.HAL_RCC_GetSysClockFreq)
    HAL_RCC_OscConfig                        0x0800209d   Thumb Code   750  stm32f1xx_hal_rcc.o(i.HAL_RCC_OscConfig)
    HAL_SYSTICK_CLKSourceConfig              0x080023a1   Thumb Code    24  stm32f1xx_hal_cortex.o(i.HAL_SYSTICK_CLKSourceConfig)
    HAL_SYSTICK_Callback                     0x080023b9   Thumb Code     2  stm32f1xx_hal_cortex.o(i.HAL_SYSTICK_Callback)
    HAL_SYSTICK_Config                       0x080023bb   Thumb Code    40  stm32f1xx_hal_cortex.o(i.HAL_SYSTICK_Config)
    HAL_SYSTICK_IRQHandler                   0x080023e3   Thumb Code     8  stm32f1xx_hal_cortex.o(i.HAL_SYSTICK_IRQHandler)
    HAL_TIMEx_ConfigBreakDeadTime            0x080023eb   Thumb Code    90  stm32f1xx_hal_tim_ex.o(i.HAL_TIMEx_ConfigBreakDeadTime)
    HAL_TIMEx_MasterConfigSynchronization    0x08002445   Thumb Code    80  stm32f1xx_hal_tim_ex.o(i.HAL_TIMEx_MasterConfigSynchronization)
    HAL_TIM_Base_Init                        0x08002495   Thumb Code    54  stm32f1xx_hal_tim.o(i.HAL_TIM_Base_Init)
    HAL_TIM_Base_MspInit                     0x080024cd   Thumb Code    30  stm32f1xx_hal_msp.o(i.HAL_TIM_Base_MspInit)
    HAL_TIM_ConfigClockSource                0x080024f5   Thumb Code   242  stm32f1xx_hal_tim.o(i.HAL_TIM_ConfigClockSource)
    HAL_TIM_MspPostInit                      0x080025e9   Thumb Code    30  stm32f1xx_hal_msp.o(i.HAL_TIM_MspPostInit)
    HAL_TIM_PWM_ConfigChannel                0x08002611   Thumb Code   208  stm32f1xx_hal_tim.o(i.HAL_TIM_PWM_ConfigChannel)
    HAL_TIM_PWM_Init                         0x080026e1   Thumb Code    54  stm32f1xx_hal_tim.o(i.HAL_TIM_PWM_Init)
    HAL_TIM_PWM_MspInit                      0x08002717   Thumb Code     2  stm32f1xx_hal_tim.o(i.HAL_TIM_PWM_MspInit)
    HAL_TIM_PWM_Start                        0x08002719   Thumb Code    42  stm32f1xx_hal_tim.o(i.HAL_TIM_PWM_Start)
    HardFault_Handler                        0x08002749   Thumb Code     2  stm32f1xx_it.o(i.HardFault_Handler)
    MemManage_Handler                        0x08002b85   Thumb Code     2  stm32f1xx_it.o(i.MemManage_Handler)
    Menu                                     0x08002b89   Thumb Code   384  vape.o(i.Menu)
    Menu_settings                            0x08002d29   Thumb Code   318  vape.o(i.Menu_settings)
    NMI_Handler                              0x08002e95   Thumb Code     2  stm32f1xx_it.o(i.NMI_Handler)
    NoCoil                                   0x08002eb9   Thumb Code    28  vape.o(i.NoCoil)
    PendSV_Handler                           0x08002ee1   Thumb Code     2  stm32f1xx_it.o(i.PendSV_Handler)
    Power_off                                0x08002ee5   Thumb Code   142  vape.o(i.Power_off)
    Print_Acum                               0x08002f99   Thumb Code   370  vape.o(i.Print_Acum)
    Print_Acum_charge                        0x08003141   Thumb Code  2000  vape.o(i.Print_Acum_charge)
    Print_Om                                 0x08003989   Thumb Code    28  vape.o(i.Print_Om)
    Read_ADC                                 0x080039ad   Thumb Code   124  vape.o(i.Read_ADC)
    Read_Amp                                 0x08003a45   Thumb Code    60  vape.o(i.Read_Amp)
    Read_Om_t                                0x08003a9d   Thumb Code   114  vape.o(i.Read_Om_t)
    Read_temperature                         0x08003b35   Thumb Code   114  vape.o(i.Read_temperature)
    SSD1306_DrawFilledRectangle              0x08003bd9   Thumb Code    86  ssd1306.o(i.SSD1306_DrawFilledRectangle)
    SSD1306_DrawLine                         0x08003c2f   Thumb Code   266  ssd1306.o(i.SSD1306_DrawLine)
    SSD1306_OFF                              0x08003d39   Thumb Code    24  ssd1306.o(i.SSD1306_OFF)
    SVC_Handler                              0x08003d51   Thumb Code     2  stm32f1xx_it.o(i.SVC_Handler)
    Set_Time_Out                             0x08003d55   Thumb Code   130  vape.o(i.Set_Time_Out)
    SysTick_Handler                          0x08003e01   Thumb Code    14  stm32f1xx_it.o(i.SysTick_Handler)
    SystemClock_Config                       0x08003e0f   Thumb Code   124  main.o(i.SystemClock_Config)
    SystemInit                               0x08003e8d   Thumb Code    56  system_stm32f1xx.o(i.SystemInit)
    TIM_Base_SetConfig                       0x08003ed5   Thumb Code    94  stm32f1xx_hal_tim.o(i.TIM_Base_SetConfig)
    TIM_CCxChannelCmd                        0x08003f41   Thumb Code    22  stm32f1xx_hal_tim.o(i.TIM_CCxChannelCmd)
    TIM_OC2_SetConfig                        0x08003fcd   Thumb Code    84  stm32f1xx_hal_tim.o(i.TIM_OC2_SetConfig)
    Timer_off                                0x08004109   Thumb Code    30  vape.o(i.Timer_off)
    UsageFault_Handler                       0x08004131   Thumb Code     2  stm32f1xx_it.o(i.UsageFault_Handler)
    Varivatt                                 0x08004135   Thumb Code   546  vape.o(i.Varivatt)
    Varivolt                                 0x080043e5   Thumb Code   484  vape.o(i.Varivolt)
    Vout                                     0x08004641   Thumb Code    52  main.o(i.Vout)
    _Error_Handler                           0x08004689   Thumb Code     2  main.o(i._Error_Handler)
    __0sprintf                               0x0800468d   Thumb Code    34  printfa.o(i.__0sprintf)
    __1sprintf                               0x0800468d   Thumb Code     0  printfa.o(i.__0sprintf)
    __2sprintf                               0x0800468d   Thumb Code     0  printfa.o(i.__0sprintf)
    __c89sprintf                             0x0800468d   Thumb Code     0  printfa.o(i.__0sprintf)
    sprintf                                  0x0800468d   Thumb Code     0  printfa.o(i.__0sprintf)
    __scatterload_copy                       0x080046b5   Thumb Code    14  handlers.o(i.__scatterload_copy)
    __scatterload_null                       0x080046c3   Thumb Code     2  handlers.o(i.__scatterload_null)
    __scatterload_zeroinit                   0x080046c5   Thumb Code    14  handlers.o(i.__scatterload_zeroinit)
    __set_errno                              0x080046d5   Thumb Code     6  errno.o(i.__set_errno)
    main                                     0x08004f9d   Thumb Code   816  main.o(i.main)
    sqrt                                     0x08005301   Thumb Code    76  sqrt.o(i.sqrt)
    ssd1306_DrawPixel                        0x0800534d   Thumb Code    54  ssd1306.o(i.ssd1306_DrawPixel)
    ssd1306_Fill                             0x0800538d   Thumb Code    28  ssd1306.o(i.ssd1306_Fill)
    ssd1306_Init                             0x080053ad   Thumb Code   202  ssd1306.o(i.ssd1306_Init)
    ssd1306_SetCursor                        0x0800547d   Thumb Code     8  ssd1306.o(i.ssd1306_SetCursor)
    ssd1306_UpdateScreen                     0x08005489   Thumb Code    66  ssd1306.o(i.ssd1306_UpdateScreen)
    ssd1306_WriteChar                        0x080054d5   Thumb Code   150  ssd1306.o(i.ssd1306_WriteChar)
    ssd1306_WriteString                      0x08005595   Thumb Code    44  ssd1306.o(i.ssd1306_WriteString)
    AHBPrescTable                            0x080055c0   Data          16  system_stm32f1xx.o(.constdata)
    APBPrescTable                            0x080055d0   Data           8  system_stm32f1xx.o(.constdata)
    Font16x25                                0x08006aa0   Data        4750  fonts.o(.constdata)
    Font13x19                                0x08007d2e   Data        3610  fonts.o(.constdata)
    Region$$Table$$Base                      0x08008bc0   Number         0  anon$$obj.o(Region$$Table)
    Region$$Table$$Limit                     0x08008be0   Number         0  anon$$obj.o(Region$$Table)
    SystemCoreClock                          0x20000000   Data           4  system_stm32f1xx.o(.data)
    status                                   0x20000004   Data           1  main.o(.data)
    old_status                               0x20000005   Data           1  main.o(.data)
    clearLCD                                 0x20000006   Data           1  main.o(.data)
    counterCoil                              0x20000007   Data           1  main.o(.data)
    FireButton                               0x20000008   Data           1  main.o(.data)
    charge                                   0x20000009   Data           1  main.o(.data)
    clear                                    0x2000000a   Data           1  main.o(.data)
    low_batt                                 0x2000000b   Data           1  main.o(.data)
    PWM_UP                                   0x2000000c   Data           2  main.o(.data)
    PWM_OUT                                  0x2000000e   Data           2  main.o(.data)
    temp_tik                                 0x20000010   Data           2  main.o(.data)
    volt_set                                 0x20000014   Data           4  main.o(.data)
    watt_set                                 0x20000018   Data           4  main.o(.data)
    volt_set_w                               0x2000001c   Data           4  main.o(.data)
    R_vape                                   0x20000020   Data           4  main.o(.data)
    tick_delay                               0x20000024   Data           4  main.o(.data)
    timeout                                  0x20000028   Data           4  main.o(.data)
    puffs                                    0x2000002c   Data           4  main.o(.data)
    volt_set_eeprom                          0x20000030   Data           4  main.o(.data)
    watt_set_eeprom                          0x20000034   Data           4  main.o(.data)
    status_eeprom                            0x20000038   Data           4  main.o(.data)
    read_values                              0x2000003c   Data           8  main.o(.data)
    R_buff                                   0x20000044   Data           4  main.o(.data)
    noCoil                                   0x20000048   Data           1  main.o(.data)
    voltageOut                               0x2000004c   Data           8  main.o(.data)
    voltage2                                 0x20000054   Data           5  main.o(.data)
    watt2                                    0x20000059   Data           6  main.o(.data)
    temp                                     0x20000060   Data           4  main.o(.data)
    tempP                                    0x20000064   Data           6  main.o(.data)
    R_vape2                                  0x2000006a   Data           6  main.o(.data)
    Font_7x10                                0x20000070   Data           8  fonts.o(.data)
    Font_11x18                               0x20000078   Data           8  fonts.o(.data)
    Font_16x25                               0x20000080   Data           8  fonts.o(.data)
    Font_13x19                               0x20000088   Data           8  fonts.o(.data)
    m                                        0x20000098   Data           1  vape.o(.data)
    m2                                       0x20000099   Data           1  vape.o(.data)
    coil_tik                                 0x2000009a   Data           1  vape.o(.data)
    amper                                    0x2000009c   Data           4  vape.o(.data)
    i                                        0x200000a0   Data           4  vape.o(.data)
    timeout2                                 0x200000a4   Data           5  vape.o(.data)
    amper_print                              0x200000a9   Data           6  vape.o(.data)
    st                                       0x200000b0   Data         216  vape.o(.data)
    st_settings                              0x20000188   Data         216  vape.o(.data)
    uwTick                                   0x20000260   Data           4  stm32f1xx_hal.o(.data)
    hadc1                                    0x20000268   Data          48  main.o(.bss)
    hi2c1                                    0x20000298   Data          84  main.o(.bss)
    htim1                                    0x200002ec   Data          64  main.o(.bss)
    adc_buffer                               0x2000032c   Data          12  main.o(.bss)
    value                                    0x20000338   Data          12  main.o(.bss)
    vOut2                                    0x20000344   Data           9  main.o(.bss)
    hdma_adc1                                0x20000350   Data          68  main.o(.bss)
    EEPROMPageBackup                         0x20000794   Data        2048  eeprom.o(.bss)
    pFlash                                   0x20000f98   Data          32  stm32f1xx_hal_flash.o(.bss)
    __initial_sp                             0x200013b8   Data           0  startup_stm32f103xb.o(STACK)



==============================================================================

Memory Map of the image

  Image Entry point : 0x080000ed

  Load Region LR_IROM1 (Base: 0x08000000, Size: 0x00008e48, Max: 0x00020000, ABSOLUTE, COMPRESSED[0x00008c40])

    Execution Region ER_IROM1 (Exec base: 0x08000000, Load base: 0x08000000, Size: 0x00008be0, Max: 0x00020000, ABSOLUTE)

    Exec Addr    Load Addr    Size         Type   Attr      Idx    E Section Name        Object

    0x08000000   0x08000000   0x000000ec   Data   RO          127    RESET               startup_stm32f103xb.o
    0x080000ec   0x080000ec   0x00000000   Code   RO         3255  * .ARM.Collect$$$$00000000  mc_w.l(entry.o)
    0x080000ec   0x080000ec   0x00000004   Code   RO         3551    .ARM.Collect$$$$00000001  mc_w.l(entry2.o)
    0x080000f0   0x080000f0   0x00000004   Code   RO         3554    .ARM.Collect$$$$00000004  mc_w.l(entry5.o)
    0x080000f4   0x080000f4   0x00000000   Code   RO         3556    .ARM.Collect$$$$00000008  mc_w.l(entry7b.o)
    0x080000f4   0x080000f4   0x00000000   Code   RO         3558    .ARM.Collect$$$$0000000A  mc_w.l(entry8b.o)
    0x080000f4   0x080000f4   0x00000008   Code   RO         3559    .ARM.Collect$$$$0000000B  mc_w.l(entry9a.o)
    0x080000fc   0x080000fc   0x00000000   Code   RO         3561    .ARM.Collect$$$$0000000D  mc_w.l(entry10a.o)
    0x080000fc   0x080000fc   0x00000000   Code   RO         3563    .ARM.Collect$$$$0000000F  mc_w.l(entry11a.o)
    0x080000fc   0x080000fc   0x00000004   Code   RO         3552    .ARM.Collect$$$$00002712  mc_w.l(entry2.o)
    0x08000100   0x08000100   0x00000024   Code   RO          128    .text               startup_stm32f103xb.o
    0x08000124   0x08000124   0x00000020   Code   RO         3258    .text               mc_w.l(llushr.o)
    0x08000144   0x08000144   0x000000b0   Code   RO         3521    .text               mf_w.l(fadd.o)
    0x080001f4   0x080001f4   0x00000064   Code   RO         3523    .text               mf_w.l(fmul.o)
    0x08000258   0x08000258   0x0000007c   Code   RO         3525    .text               mf_w.l(fdiv.o)
    0x080002d4   0x080002d4   0x0000014e   Code   RO         3527    .text               mf_w.l(dadd.o)
    0x08000422   0x08000422   0x000000e4   Code   RO         3529    .text               mf_w.l(dmul.o)
    0x08000506   0x08000506   0x000000de   Code   RO         3531    .text               mf_w.l(ddiv.o)
    0x080005e4   0x080005e4   0x0000002e   Code   RO         3533    .text               mf_w.l(dscalb.o)
    0x08000612   0x08000612   0x00000012   Code   RO         3535    .text               mf_w.l(fflti.o)
    0x08000624   0x08000624   0x0000000a   Code   RO         3537    .text               mf_w.l(ffltui.o)
    0x0800062e   0x0800062e   0x0000001a   Code   RO         3539    .text               mf_w.l(dfltui.o)
    0x08000648   0x08000648   0x00000032   Code   RO         3541    .text               mf_w.l(ffixi.o)
    0x0800067a   0x0800067a   0x00000032   Code   RO         3543    .text               mf_w.l(dfixui.o)
    0x080006ac   0x080006ac   0x00000026   Code   RO         3545    .text               mf_w.l(f2d.o)
    0x080006d2   0x080006d2   0x00000002   PAD
    0x080006d4   0x080006d4   0x00000030   Code   RO         3547    .text               mf_w.l(cdrcmple.o)
    0x08000704   0x08000704   0x00000038   Code   RO         3549    .text               mf_w.l(d2f.o)
    0x0800073c   0x0800073c   0x0000002c   Code   RO         3568    .text               mc_w.l(uidiv.o)
    0x08000768   0x08000768   0x00000062   Code   RO         3570    .text               mc_w.l(uldiv.o)
    0x080007ca   0x080007ca   0x0000001e   Code   RO         3572    .text               mc_w.l(llshl.o)
    0x080007e8   0x080007e8   0x00000024   Code   RO         3574    .text               mc_w.l(llsshr.o)
    0x0800080c   0x0800080c   0x00000000   Code   RO         3583    .text               mc_w.l(iusefp.o)
    0x0800080c   0x0800080c   0x0000006e   Code   RO         3584    .text               mf_w.l(fepilogue.o)
    0x0800087a   0x0800087a   0x000000ba   Code   RO         3586    .text               mf_w.l(depilogue.o)
    0x08000934   0x08000934   0x000000a2   Code   RO         3588    .text               mf_w.l(dsqrt.o)
    0x080009d6   0x080009d6   0x00000030   Code   RO         3590    .text               mf_w.l(dfixul.o)
    0x08000a06   0x08000a06   0x00000002   PAD
    0x08000a08   0x08000a08   0x00000024   Code   RO         3594    .text               mc_w.l(init.o)
    0x08000a2c   0x08000a2c   0x00000056   Code   RO         3606    .text               mc_w.l(__dczerorl2.o)
    0x08000a82   0x08000a82   0x00000002   PAD
    0x08000a84   0x08000a84   0x0000004c   Code   RO         1085    i.ADC_ConversionStop_Disable  stm32f1xx_hal_adc.o
    0x08000ad0   0x08000ad0   0x0000004e   Code   RO         1086    i.ADC_DMAConvCplt   stm32f1xx_hal_adc.o
    0x08000b1e   0x08000b1e   0x0000001a   Code   RO         1087    i.ADC_DMAError      stm32f1xx_hal_adc.o
    0x08000b38   0x08000b38   0x0000000a   Code   RO         1088    i.ADC_DMAHalfConvCplt  stm32f1xx_hal_adc.o
    0x08000b42   0x08000b42   0x00000002   PAD
    0x08000b44   0x08000b44   0x00000070   Code   RO         1089    i.ADC_Enable        stm32f1xx_hal_adc.o
    0x08000bb4   0x08000bb4   0x00000002   Code   RO          135    i.BusFault_Handler  stm32f1xx_it.o
    0x08000bb6   0x08000bb6   0x00000002   PAD
    0x08000bb8   0x08000bb8   0x000000b8   Code   RO          578    i.Charge            vape.o
    0x08000c70   0x08000c70   0x00000028   Code   RO          579    i.Counter_Fire      vape.o
    0x08000c98   0x08000c98   0x0000000c   Code   RO          136    i.DMA1_Channel1_IRQHandler  stm32f1xx_it.o
    0x08000ca4   0x08000ca4   0x0000002a   Code   RO         2927    i.DMA_SetConfig     stm32f1xx_hal_dma.o
    0x08000cce   0x08000cce   0x00000002   Code   RO          137    i.DebugMon_Handler  stm32f1xx_it.o
    0x08000cd0   0x08000cd0   0x00000068   Code   RO          580    i.Draw_Acumulator   vape.o
    0x08000d38   0x08000d38   0x0000004c   Code   RO          582    i.Draw_Frame2       vape.o
    0x08000d84   0x08000d84   0x00000040   Code   RO          752    i.EE_Format         eeprom.o
    0x08000dc4   0x08000dc4   0x0000001c   Code   RO          753    i.EE_Read           eeprom.o
    0x08000de0   0x08000de0   0x0000002c   Code   RO          754    i.EE_Reads          eeprom.o
    0x08000e0c   0x08000e0c   0x00000088   Code   RO          755    i.EE_Write          eeprom.o
    0x08000e94   0x08000e94   0x00000006   Code   RO          138    i.EXTI0_IRQHandler  stm32f1xx_it.o
    0x08000e9a   0x08000e9a   0x00000002   PAD
    0x08000e9c   0x08000e9c   0x00000024   Code   RO         2563    i.FLASH_MassErase   stm32f1xx_hal_flash_ex.o
    0x08000ec0   0x08000ec0   0x00000024   Code   RO         2568    i.FLASH_PageErase   stm32f1xx_hal_flash_ex.o
    0x08000ee4   0x08000ee4   0x0000001c   Code   RO         3147    i.FLASH_Program_HalfWord  stm32f1xx_hal_flash.o
    0x08000f00   0x08000f00   0x0000005c   Code   RO         3148    i.FLASH_SetErrorCode  stm32f1xx_hal_flash.o
    0x08000f5c   0x08000f5c   0x00000054   Code   RO         3149    i.FLASH_WaitForLastOperation  stm32f1xx_hal_flash.o
    0x08000fb0   0x08000fb0   0x00000040   Code   RO          583    i.Get_Volt          vape.o
    0x08000ff0   0x08000ff0   0x00000040   Code   RO          584    i.Get_Watt          vape.o
    0x08001030   0x08001030   0x000000fc   Code   RO         1091    i.HAL_ADC_ConfigChannel  stm32f1xx_hal_adc.o
    0x0800112c   0x0800112c   0x00000030   Code   RO          227    i.HAL_ADC_ConvCpltCallback  main.o
    0x0800115c   0x0800115c   0x00000002   Code   RO         1093    i.HAL_ADC_ConvHalfCpltCallback  stm32f1xx_hal_adc.o
    0x0800115e   0x0800115e   0x00000002   Code   RO         1095    i.HAL_ADC_ErrorCallback  stm32f1xx_hal_adc.o
    0x08001160   0x08001160   0x0000011c   Code   RO         1100    i.HAL_ADC_Init      stm32f1xx_hal_adc.o
    0x0800127c   0x0800127c   0x00000098   Code   RO          339    i.HAL_ADC_MspInit   stm32f1xx_hal_msp.o
    0x08001314   0x08001314   0x0000010c   Code   RO         1107    i.HAL_ADC_Start_DMA  stm32f1xx_hal_adc.o
    0x08001420   0x08001420   0x00000154   Code   RO         2933    i.HAL_DMA_IRQHandler  stm32f1xx_hal_dma.o
    0x08001574   0x08001574   0x00000064   Code   RO         2934    i.HAL_DMA_Init      stm32f1xx_hal_dma.o
    0x080015d8   0x080015d8   0x00000070   Code   RO         2938    i.HAL_DMA_Start_IT  stm32f1xx_hal_dma.o
    0x08001648   0x08001648   0x0000001c   Code   RO         2691    i.HAL_Delay         stm32f1xx_hal.o
    0x08001664   0x08001664   0x000000a8   Code   RO         2569    i.HAL_FLASHEx_Erase  stm32f1xx_hal_flash_ex.o
    0x0800170c   0x0800170c   0x00000014   Code   RO         3153    i.HAL_FLASH_Lock    stm32f1xx_hal_flash.o
    0x08001720   0x08001720   0x00000080   Code   RO         3158    i.HAL_FLASH_Program  stm32f1xx_hal_flash.o
    0x080017a0   0x080017a0   0x00000024   Code   RO         3160    i.HAL_FLASH_Unlock  stm32f1xx_hal_flash.o
    0x080017c4   0x080017c4   0x00000002   Code   RO         1020    i.HAL_GPIO_EXTI_Callback  stm32f1xx_hal_gpio.o
    0x080017c6   0x080017c6   0x00000002   PAD
    0x080017c8   0x080017c8   0x00000018   Code   RO         1021    i.HAL_GPIO_EXTI_IRQHandler  stm32f1xx_hal_gpio.o
    0x080017e0   0x080017e0   0x000001bc   Code   RO         1022    i.HAL_GPIO_Init     stm32f1xx_hal_gpio.o
    0x0800199c   0x0800199c   0x0000000a   Code   RO         1024    i.HAL_GPIO_ReadPin  stm32f1xx_hal_gpio.o
    0x080019a6   0x080019a6   0x0000000a   Code   RO         1026    i.HAL_GPIO_WritePin  stm32f1xx_hal_gpio.o
    0x080019b0   0x080019b0   0x0000000c   Code   RO         2695    i.HAL_GetTick       stm32f1xx_hal.o
    0x080019bc   0x080019bc   0x00000108   Code   RO         2176    i.HAL_I2C_Init      stm32f1xx_hal_i2c.o
    0x08001ac4   0x08001ac4   0x0000013c   Code   RO         2195    i.HAL_I2C_Mem_Write  stm32f1xx_hal_i2c.o
    0x08001c00   0x08001c00   0x00000044   Code   RO          341    i.HAL_I2C_MspInit   stm32f1xx_hal_msp.o
    0x08001c44   0x08001c44   0x00000010   Code   RO         2697    i.HAL_IncTick       stm32f1xx_hal.o
    0x08001c54   0x08001c54   0x00000024   Code   RO         2698    i.HAL_Init          stm32f1xx_hal.o
    0x08001c78   0x08001c78   0x00000028   Code   RO         2699    i.HAL_InitTick      stm32f1xx_hal.o
    0x08001ca0   0x08001ca0   0x00000084   Code   RO          342    i.HAL_MspInit       stm32f1xx_hal_msp.o
    0x08001d24   0x08001d24   0x00000016   Code   RO          904    i.HAL_NVIC_EnableIRQ  stm32f1xx_hal_cortex.o
    0x08001d3a   0x08001d3a   0x00000002   PAD
    0x08001d3c   0x08001d3c   0x00000040   Code   RO          910    i.HAL_NVIC_SetPriority  stm32f1xx_hal_cortex.o
    0x08001d7c   0x08001d7c   0x00000024   Code   RO          911    i.HAL_NVIC_SetPriorityGrouping  stm32f1xx_hal_cortex.o
    0x08001da0   0x08001da0   0x00000020   Code   RO         3035    i.HAL_PWR_EnterSTANDBYMode  stm32f1xx_hal_pwr.o
    0x08001dc0   0x08001dc0   0x000000ec   Code   RO         2650    i.HAL_RCCEx_PeriphCLKConfig  stm32f1xx_hal_rcc_ex.o
    0x08001eac   0x08001eac   0x00000154   Code   RO         2826    i.HAL_RCC_ClockConfig  stm32f1xx_hal_rcc.o
    0x08002000   0x08002000   0x0000000c   Code   RO         2831    i.HAL_RCC_GetHCLKFreq  stm32f1xx_hal_rcc.o
    0x0800200c   0x0800200c   0x00000020   Code   RO         2833    i.HAL_RCC_GetPCLK1Freq  stm32f1xx_hal_rcc.o
    0x0800202c   0x0800202c   0x00000070   Code   RO         2835    i.HAL_RCC_GetSysClockFreq  stm32f1xx_hal_rcc.o
    0x0800209c   0x0800209c   0x00000304   Code   RO         2838    i.HAL_RCC_OscConfig  stm32f1xx_hal_rcc.o
    0x080023a0   0x080023a0   0x00000018   Code   RO          913    i.HAL_SYSTICK_CLKSourceConfig  stm32f1xx_hal_cortex.o
    0x080023b8   0x080023b8   0x00000002   Code   RO          914    i.HAL_SYSTICK_Callback  stm32f1xx_hal_cortex.o
    0x080023ba   0x080023ba   0x00000028   Code   RO          915    i.HAL_SYSTICK_Config  stm32f1xx_hal_cortex.o
    0x080023e2   0x080023e2   0x00000008   Code   RO          916    i.HAL_SYSTICK_IRQHandler  stm32f1xx_hal_cortex.o
    0x080023ea   0x080023ea   0x0000005a   Code   RO         1267    i.HAL_TIMEx_ConfigBreakDeadTime  stm32f1xx_hal_tim_ex.o
    0x08002444   0x08002444   0x00000050   Code   RO         1282    i.HAL_TIMEx_MasterConfigSynchronization  stm32f1xx_hal_tim_ex.o
    0x08002494   0x08002494   0x00000036   Code   RO         1536    i.HAL_TIM_Base_Init  stm32f1xx_hal_tim.o
    0x080024ca   0x080024ca   0x00000002   PAD
    0x080024cc   0x080024cc   0x00000028   Code   RO          344    i.HAL_TIM_Base_MspInit  stm32f1xx_hal_msp.o
    0x080024f4   0x080024f4   0x000000f2   Code   RO         1545    i.HAL_TIM_ConfigClockSource  stm32f1xx_hal_tim.o
    0x080025e6   0x080025e6   0x00000002   PAD
    0x080025e8   0x080025e8   0x00000028   Code   RO          345    i.HAL_TIM_MspPostInit  stm32f1xx_hal_msp.o
    0x08002610   0x08002610   0x000000d0   Code   RO         1602    i.HAL_TIM_PWM_ConfigChannel  stm32f1xx_hal_tim.o
    0x080026e0   0x080026e0   0x00000036   Code   RO         1605    i.HAL_TIM_PWM_Init  stm32f1xx_hal_tim.o
    0x08002716   0x08002716   0x00000002   Code   RO         1607    i.HAL_TIM_PWM_MspInit  stm32f1xx_hal_tim.o
    0x08002718   0x08002718   0x00000030   Code   RO         1609    i.HAL_TIM_PWM_Start  stm32f1xx_hal_tim.o
    0x08002748   0x08002748   0x00000002   Code   RO          139    i.HardFault_Handler  stm32f1xx_it.o
    0x0800274a   0x0800274a   0x00000028   Code   RO         2214    i.I2C_IsAcknowledgeFailed  stm32f1xx_hal_i2c.o
    0x08002772   0x08002772   0x00000002   PAD
    0x08002774   0x08002774   0x000000a0   Code   RO         2224    i.I2C_RequestMemoryWrite  stm32f1xx_hal_i2c.o
    0x08002814   0x08002814   0x0000004e   Code   RO         2227    i.I2C_WaitOnBTFFlagUntilTimeout  stm32f1xx_hal_i2c.o
    0x08002862   0x08002862   0x00000060   Code   RO         2228    i.I2C_WaitOnFlagUntilTimeout  stm32f1xx_hal_i2c.o
    0x080028c2   0x080028c2   0x00000002   PAD
    0x080028c4   0x080028c4   0x00000088   Code   RO         2229    i.I2C_WaitOnMasterAddressFlagUntilTimeout  stm32f1xx_hal_i2c.o
    0x0800294c   0x0800294c   0x0000004e   Code   RO         2231    i.I2C_WaitOnTXEFlagUntilTimeout  stm32f1xx_hal_i2c.o
    0x0800299a   0x0800299a   0x00000002   PAD
    0x0800299c   0x0800299c   0x00000070   Code   RO          228    i.MX_ADC1_Init      main.o
    0x08002a0c   0x08002a0c   0x000000a0   Code   RO          229    i.MX_GPIO_Init      main.o
    0x08002aac   0x08002aac   0x00000038   Code   RO          230    i.MX_I2C1_Init      main.o
    0x08002ae4   0x08002ae4   0x000000a0   Code   RO          231    i.MX_TIM1_Init      main.o
    0x08002b84   0x08002b84   0x00000002   Code   RO          140    i.MemManage_Handler  stm32f1xx_it.o
    0x08002b86   0x08002b86   0x00000002   PAD
    0x08002b88   0x08002b88   0x000001a0   Code   RO          586    i.Menu              vape.o
    0x08002d28   0x08002d28   0x0000016c   Code   RO          587    i.Menu_settings     vape.o
    0x08002e94   0x08002e94   0x00000002   Code   RO          141    i.NMI_Handler       stm32f1xx_it.o
    0x08002e96   0x08002e96   0x00000020   Code   RO          917    i.NVIC_SetPriority  stm32f1xx_hal_cortex.o
    0x08002eb6   0x08002eb6   0x00000002   PAD
    0x08002eb8   0x08002eb8   0x00000028   Code   RO          588    i.NoCoil            vape.o
    0x08002ee0   0x08002ee0   0x00000002   Code   RO          142    i.PendSV_Handler    stm32f1xx_it.o
    0x08002ee2   0x08002ee2   0x00000002   PAD
    0x08002ee4   0x08002ee4   0x000000b4   Code   RO          589    i.Power_off         vape.o
    0x08002f98   0x08002f98   0x000001a8   Code   RO          591    i.Print_Acum        vape.o
    0x08003140   0x08003140   0x00000848   Code   RO          592    i.Print_Acum_charge  vape.o
    0x08003988   0x08003988   0x00000024   Code   RO          593    i.Print_Om          vape.o
    0x080039ac   0x080039ac   0x00000098   Code   RO          594    i.Read_ADC          vape.o
    0x08003a44   0x08003a44   0x00000058   Code   RO          595    i.Read_Amp          vape.o
    0x08003a9c   0x08003a9c   0x00000098   Code   RO          596    i.Read_Om_t         vape.o
    0x08003b34   0x08003b34   0x000000a4   Code   RO          598    i.Read_temperature  vape.o
    0x08003bd8   0x08003bd8   0x00000056   Code   RO          444    i.SSD1306_DrawFilledRectangle  ssd1306.o
    0x08003c2e   0x08003c2e   0x0000010a   Code   RO          446    i.SSD1306_DrawLine  ssd1306.o
    0x08003d38   0x08003d38   0x00000018   Code   RO          449    i.SSD1306_OFF       ssd1306.o
    0x08003d50   0x08003d50   0x00000002   Code   RO          143    i.SVC_Handler       stm32f1xx_it.o
    0x08003d52   0x08003d52   0x00000002   PAD
    0x08003d54   0x08003d54   0x000000ac   Code   RO          599    i.Set_Time_Out      vape.o
    0x08003e00   0x08003e00   0x0000000e   Code   RO          144    i.SysTick_Handler   stm32f1xx_it.o
    0x08003e0e   0x08003e0e   0x0000007c   Code   RO          232    i.SystemClock_Config  main.o
    0x08003e8a   0x08003e8a   0x00000002   PAD
    0x08003e8c   0x08003e8c   0x00000048   Code   RO            5    i.SystemInit        system_stm32f1xx.o
    0x08003ed4   0x08003ed4   0x0000006c   Code   RO         1620    i.TIM_Base_SetConfig  stm32f1xx_hal_tim.o
    0x08003f40   0x08003f40   0x00000016   Code   RO         1621    i.TIM_CCxChannelCmd  stm32f1xx_hal_tim.o
    0x08003f56   0x08003f56   0x00000014   Code   RO         1627    i.TIM_ETR_SetConfig  stm32f1xx_hal_tim.o
    0x08003f6a   0x08003f6a   0x00000010   Code   RO         1628    i.TIM_ITRx_SetConfig  stm32f1xx_hal_tim.o
    0x08003f7a   0x08003f7a   0x00000002   PAD
    0x08003f7c   0x08003f7c   0x00000050   Code   RO         1629    i.TIM_OC1_SetConfig  stm32f1xx_hal_tim.o
    0x08003fcc   0x08003fcc   0x00000058   Code   RO         1630    i.TIM_OC2_SetConfig  stm32f1xx_hal_tim.o
    0x08004024   0x08004024   0x00000058   Code   RO         1631    i.TIM_OC3_SetConfig  stm32f1xx_hal_tim.o
    0x0800407c   0x0800407c   0x00000044   Code   RO         1632    i.TIM_OC4_SetConfig  stm32f1xx_hal_tim.o
    0x080040c0   0x080040c0   0x00000022   Code   RO         1634    i.TIM_TI1_ConfigInputStage  stm32f1xx_hal_tim.o
    0x080040e2   0x080040e2   0x00000024   Code   RO         1636    i.TIM_TI2_ConfigInputStage  stm32f1xx_hal_tim.o
    0x08004106   0x08004106   0x00000002   PAD
    0x08004108   0x08004108   0x00000028   Code   RO          600    i.Timer_off         vape.o
    0x08004130   0x08004130   0x00000002   Code   RO          145    i.UsageFault_Handler  stm32f1xx_it.o
    0x08004132   0x08004132   0x00000002   PAD
    0x08004134   0x08004134   0x000002b0   Code   RO          601    i.Varivatt          vape.o
    0x080043e4   0x080043e4   0x0000025c   Code   RO          602    i.Varivolt          vape.o
    0x08004640   0x08004640   0x00000048   Code   RO          233    i.Vout              main.o
    0x08004688   0x08004688   0x00000002   Code   RO          234    i._Error_Handler    main.o
    0x0800468a   0x0800468a   0x00000002   PAD
    0x0800468c   0x0800468c   0x00000028   Code   RO         3495    i.__0sprintf        mc_w.l(printfa.o)
    0x080046b4   0x080046b4   0x0000000e   Code   RO         3600    i.__scatterload_copy  mc_w.l(handlers.o)
    0x080046c2   0x080046c2   0x00000002   Code   RO         3601    i.__scatterload_null  mc_w.l(handlers.o)
    0x080046c4   0x080046c4   0x0000000e   Code   RO         3602    i.__scatterload_zeroinit  mc_w.l(handlers.o)
    0x080046d2   0x080046d2   0x00000002   PAD
    0x080046d4   0x080046d4   0x0000000c   Code   RO         3578    i.__set_errno       mc_w.l(errno.o)
    0x080046e0   0x080046e0   0x00000184   Code   RO         3500    i._fp_digits        mc_w.l(printfa.o)
    0x08004864   0x08004864   0x000006dc   Code   RO         3501    i._printf_core      mc_w.l(printfa.o)
    0x08004f40   0x08004f40   0x00000024   Code   RO         3502    i._printf_post_padding  mc_w.l(printfa.o)
    0x08004f64   0x08004f64   0x0000002e   Code   RO         3503    i._printf_pre_padding  mc_w.l(printfa.o)
    0x08004f92   0x08004f92   0x0000000a   Code   RO         3505    i._sputc            mc_w.l(printfa.o)
    0x08004f9c   0x08004f9c   0x00000364   Code   RO          235    i.main              main.o
    0x08005300   0x08005300   0x0000004c   Code   RO         3248    i.sqrt              m_ws.l(sqrt.o)
    0x0800534c   0x0800534c   0x00000040   Code   RO          451    i.ssd1306_DrawPixel  ssd1306.o
    0x0800538c   0x0800538c   0x00000020   Code   RO          452    i.ssd1306_Fill      ssd1306.o
    0x080053ac   0x080053ac   0x000000d0   Code   RO          453    i.ssd1306_Init      ssd1306.o
    0x0800547c   0x0800547c   0x0000000c   Code   RO          454    i.ssd1306_SetCursor  ssd1306.o
    0x08005488   0x08005488   0x0000004c   Code   RO          455    i.ssd1306_UpdateScreen  ssd1306.o
    0x080054d4   0x080054d4   0x0000009c   Code   RO          456    i.ssd1306_WriteChar  ssd1306.o
    0x08005570   0x08005570   0x00000024   Code   RO          457    i.ssd1306_WriteCommand  ssd1306.o
    0x08005594   0x08005594   0x0000002c   Code   RO          458    i.ssd1306_WriteString  ssd1306.o
    0x080055c0   0x080055c0   0x00000010   Data   RO            6    .constdata          system_stm32f1xx.o
    0x080055d0   0x080055d0   0x00000008   Data   RO            7    .constdata          system_stm32f1xx.o
    0x080055d8   0x080055d8   0x0000076c   Data   RO          405    .constdata          fonts.o
    0x08005d44   0x08005d44   0x00000d5c   Data   RO          406    .constdata          fonts.o
    0x08006aa0   0x08006aa0   0x0000128e   Data   RO          409    .constdata          fonts.o
    0x08007d2e   0x08007d2e   0x00000e1a   Data   RO          410    .constdata          fonts.o
    0x08008b48   0x08008b48   0x00000077   Data   RO          603    .conststring        vape.o
    0x08008bbf   0x08008bbf   0x00000001   PAD
    0x08008bc0   0x08008bc0   0x00000020   Data   RO         3598    Region$$Table       anon$$obj.o


    Execution Region RW_IRAM1 (Exec base: 0x20000000, Load base: 0x08008be0, Size: 0x000013b8, Max: 0x00005000, ABSOLUTE, COMPRESSED[0x00000060])

    Exec Addr    Load Addr    Size         Type   Attr      Idx    E Section Name        Object

    0x20000000   COMPRESSED   0x00000004   Data   RW            8    .data               system_stm32f1xx.o
    0x20000004   COMPRESSED   0x00000040   Data   RW          243    .data               main.o
    0x20000044   COMPRESSED   0x00000004   Data   RW          245    .data               main.o
    0x20000048   COMPRESSED   0x00000001   Data   RW          247    .data               main.o
    0x20000049   COMPRESSED   0x00000003   PAD
    0x2000004c   COMPRESSED   0x00000008   Data   RW          249    .data               main.o
    0x20000054   COMPRESSED   0x00000005   Data   RW          251    .data               main.o
    0x20000059   COMPRESSED   0x00000006   Data   RW          252    .data               main.o
    0x2000005f   COMPRESSED   0x00000001   PAD
    0x20000060   COMPRESSED   0x00000004   Data   RW          254    .data               main.o
    0x20000064   COMPRESSED   0x00000006   Data   RW          255    .data               main.o
    0x2000006a   COMPRESSED   0x00000006   Data   RW          256    .data               main.o
    0x20000070   COMPRESSED   0x00000008   Data   RW          412    .data               fonts.o
    0x20000078   COMPRESSED   0x00000008   Data   RW          413    .data               fonts.o
    0x20000080   COMPRESSED   0x00000008   Data   RW          416    .data               fonts.o
    0x20000088   COMPRESSED   0x00000008   Data   RW          417    .data               fonts.o
    0x20000090   COMPRESSED   0x00000006   Data   RW          461    .data               ssd1306.o
    0x20000096   COMPRESSED   0x00000002   PAD
    0x20000098   COMPRESSED   0x000001c8   Data   RW          605    .data               vape.o
    0x20000260   COMPRESSED   0x00000004   Data   RW         2704    .data               stm32f1xx_hal.o
    0x20000264   COMPRESSED   0x00000004   Data   RW         3579    .data               mc_w.l(errno.o)
    0x20000268        -       0x000000e5   Zero   RW          236    .bss                main.o
    0x2000034d   COMPRESSED   0x00000003   PAD
    0x20000350        -       0x00000044   Zero   RW          237    .bss                main.o
    0x20000394        -       0x00000400   Zero   RW          460    .bss                ssd1306.o
    0x20000794        -       0x00000800   Zero   RW          757    .bss                eeprom.o
    0x20000f94   COMPRESSED   0x00000004   PAD
    0x20000f98        -       0x00000020   Zero   RW         3161    .bss                stm32f1xx_hal_flash.o
    0x20000fb8        -       0x00000400   Zero   RW          125    STACK               startup_stm32f103xb.o


==============================================================================

Image component sizes


      Code (inc. data)   RO Data    RW Data    ZI Data      Debug   Object Name

       272         26          0          0       2048       3295   eeprom.o
         0          0      13680         32          0       1346   fonts.o
      1602        126          0        104        297       8084   main.o
      1004         46          0          6       1024       8852   ssd1306.o
        36          8        236          0       1024        748   startup_stm32f103xb.o
       132         22          0          4          0       3583   stm32f1xx_hal.o
      1110         54          0          0          0       7863   stm32f1xx_hal_adc.o
       228         14          0          0          0      27297   stm32f1xx_hal_cortex.o
       594         32          0          0          0       3551   stm32f1xx_hal_dma.o
       388         46          0          0         32       4634   stm32f1xx_hal_flash.o
       240         26          0          0          0       3205   stm32f1xx_hal_flash_ex.o
       490         42          0          0          0       4547   stm32f1xx_hal_gpio.o
      1168         24          0          0          0       8931   stm32f1xx_hal_i2c.o
       432         92          0          0          0       3255   stm32f1xx_hal_msp.o
        32          8          0          0          0        507   stm32f1xx_hal_pwr.o
      1268         92          0          0          0       5017   stm32f1xx_hal_rcc.o
       236         12          0          0          0       1368   stm32f1xx_hal_rcc_ex.o
      1168         40          0          0          0      11666   stm32f1xx_hal_tim.o
       170          0          0          0          0       2032   stm32f1xx_hal_tim_ex.o
        48          6          0          0          0       4564   stm32f1xx_it.o
        72         16         24          4          0     451379   system_stm32f1xx.o
      6172       1000        119        456          0      13936   vape.o

    ----------------------------------------------------------------------
     16900       1732      14092        612       4432     579660   Object Totals
         0          0         32          0          0          0   (incl. Generated)
        38          0          1          6          7          0   (incl. Padding)

    ----------------------------------------------------------------------

      Code (inc. data)   RO Data    RW Data    ZI Data      Debug   Library Member Name

        76          0          0          0          0         84   sqrt.o
        86          0          0          0          0          0   __dczerorl2.o
         0          0          0          0          0          0   entry.o
         0          0          0          0          0          0   entry10a.o
         0          0          0          0          0          0   entry11a.o
         8          4          0          0          0          0   entry2.o
         4          0          0          0          0          0   entry5.o
         0          0          0          0          0          0   entry7b.o
         0          0          0          0          0          0   entry8b.o
         8          4          0          0          0          0   entry9a.o
        12          6          0          4          0         68   errno.o
        30          0          0          0          0          0   handlers.o
        36          8          0          0          0         68   init.o
         0          0          0          0          0          0   iusefp.o
        30          0          0          0          0         68   llshl.o
        36          0          0          0          0         68   llsshr.o
        32          0          0          0          0         68   llushr.o
      2276         86          0          0          0        520   printfa.o
        44          0          0          0          0         80   uidiv.o
        98          0          0          0          0         92   uldiv.o
        48          0          0          0          0         68   cdrcmple.o
        56          0          0          0          0         88   d2f.o
       334          0          0          0          0        148   dadd.o
       222          0          0          0          0        100   ddiv.o
       186          0          0          0          0        176   depilogue.o
        50          0          0          0          0         76   dfixui.o
        48          0          0          0          0         68   dfixul.o
        26          0          0          0          0         76   dfltui.o
       228          0          0          0          0         96   dmul.o
        46          0          0          0          0         80   dscalb.o
       162          0          0          0          0        100   dsqrt.o
        38          0          0          0          0         68   f2d.o
       176          0          0          0          0        140   fadd.o
       124          0          0          0          0         88   fdiv.o
       110          0          0          0          0        168   fepilogue.o
        50          0          0          0          0         68   ffixi.o
        18          0          0          0          0         68   fflti.o
        10          0          0          0          0         68   ffltui.o
       100          0          0          0          0         76   fmul.o

    ----------------------------------------------------------------------
      4816        108          0          4          0       2936   Library Totals
         8          0          0          0          0          0   (incl. Padding)

    ----------------------------------------------------------------------

      Code (inc. data)   RO Data    RW Data    ZI Data      Debug   Library Name

        76          0          0          0          0         84   m_ws.l
      2700        108          0          4          0       1032   mc_w.l
      2032          0          0          0          0       1820   mf_w.l

    ----------------------------------------------------------------------
      4816        108          0          4          0       2936   Library Totals

    ----------------------------------------------------------------------

==============================================================================


      Code (inc. data)   RO Data    RW Data    ZI Data      Debug   

     21716       1840      14092        616       4432     574352   Grand Totals
     21716       1840      14092         96       4432     574352   ELF Image Totals (compressed)
     21716       1840      14092         96          0          0   ROM Totals

==============================================================================

    Total RO  Size (Code + RO Data)                35808 (  34.97kB)
    Total RW  Size (RW Data + ZI Data)              5048 (   4.93kB)
    Total ROM Size (Code + RO Data + RW Data)      35904 (  35.06kB)

==============================================================================

